Microchip Technology Inc, v1.41 (A)

Tool Name:
  e:\program files (x86)\microchip\xc16\v1.41\bin\bin\..\bin/elf-ld.exe

Command:
  -p33EP512MU810 \
  -o \
  dist/default/production/X1.X.production.elf \
  -Le:/program files (x86)/microchip/xc16/v1.41/bin/bin/.. \
  -Le:/program files (x86)/microchip/xc16/v1.41/bin/bin/../../lib \
  -Le:/program files (x86)/microchip/xc16/v1.41/bin/bin/../../support/PIC24E/gld \
  -Le:/program files (x86)/microchip/xc16/v1.41/bin/bin/../../support/PIC24F/gld \
  -Le:/program files (x86)/microchip/xc16/v1.41/bin/bin/../../support/PIC24H/gld \
  -Le:/program files (x86)/microchip/xc16/v1.41/bin/bin/../../support/dsPIC30F/gld \
  -Le:/program files (x86)/microchip/xc16/v1.41/bin/bin/../../support/dsPIC33C/gld \
  -Le:/program files (x86)/microchip/xc16/v1.41/bin/bin/../../support/dsPIC33E/gld \
  -Le:/program files (x86)/microchip/xc16/v1.41/bin/bin/../../support/dsPIC33F/gld \
  build/default/production/X1Main.o \
  build/default/production/Monocycle.o \
  --local-stack \
  --defsym=__MPLAB_BUILD=1 \
  -Thid_boot_p33EP512MU810.gld.00 \
  --stack=16 \
  --check-sections \
  --data-init \
  --pack-data \
  --handles \
  --isr \
  --no-gc-sections \
  --fill-upper=0 \
  --stackguard=16 \
  --no-force-link \
  --smart-io \
  -Map=dist/default/production/X1.X.production.map \
  --report-mem \
  --memorysummary \
  dist/default/production/memoryfile.xml \
  -start-group \
  --library=pic30-elf \
  --library=m-elf \
  --library=c-elf \
  -end-group \


Optional library libp33EP512MU810.a not found
Archive member included because of file (symbol)

e:/program files (x86)/microchip/xc16/v1.41/bin/bin/../../lib\libpic30-elf.a(crt0_extendedep.o)
                              (__resetPRI)
e:/program files (x86)/microchip/xc16/v1.41/bin/bin/../../lib\libpic30-elf.a(data_init_extended.o)
                              e:/program files (x86)/microchip/xc16/v1.41/bin/bin/../../lib\libpic30-elf.a(crt0_extendedep.o) (__data_init_extended)
e:/program files (x86)/microchip/xc16/v1.41/bin/bin/../../lib\libpic30-elf.a(crt_start_mode_normalep.eo)
                              (__crt_start_mode_normal)
e:/program files (x86)/microchip/xc16/v1.41/bin/bin/../../lib\libm-elf.a(addsf3.epeo)
                              build/default/production/X1Main.o (___subsf3)
e:/program files (x86)/microchip/xc16/v1.41/bin/bin/../../lib\libm-elf.a(atanf.epeo)
                              build/default/production/Monocycle.o (_atanf)
e:/program files (x86)/microchip/xc16/v1.41/bin/bin/../../lib\libm-elf.a(cosf.epeo)
                              build/default/production/Monocycle.o (_cosf)
e:/program files (x86)/microchip/xc16/v1.41/bin/bin/../../lib\libm-elf.a(divsf3.epeo)
                              build/default/production/X1Main.o (___divsf3)
e:/program files (x86)/microchip/xc16/v1.41/bin/bin/../../lib\libm-elf.a(divsi3.epeo)
                              build/default/production/X1Main.o (___divsi3)
e:/program files (x86)/microchip/xc16/v1.41/bin/bin/../../lib\libm-elf.a(errno.epeo)
                              e:/program files (x86)/microchip/xc16/v1.41/bin/bin/../../lib\libm-elf.a(atanf.epeo) (_errno)
e:/program files (x86)/microchip/xc16/v1.41/bin/bin/../../lib\libm-elf.a(feqltle.epeo)
                              build/default/production/X1Main.o (___eqsf2)
e:/program files (x86)/microchip/xc16/v1.41/bin/bin/../../lib\libm-elf.a(fgtge.epeo)
                              build/default/production/X1Main.o (___gtsf2)
e:/program files (x86)/microchip/xc16/v1.41/bin/bin/../../lib\libm-elf.a(fixsfsi.epeo)
                              build/default/production/X1Main.o (_(float, int, long long, short, float, short, int))
e:/program files (x86)/microchip/xc16/v1.41/bin/bin/../../lib\libm-elf.a(fixunssfsi.epeo)
                              build/default/production/X1Main.o (___fixunssfsi)
e:/program files (x86)/microchip/xc16/v1.41/bin/bin/../../lib\libm-elf.a(floatsisf.epeo)
                              build/default/production/X1Main.o (___floatsisf)
e:/program files (x86)/microchip/xc16/v1.41/bin/bin/../../lib\libm-elf.a(floatunsisf.epeo)
                              build/default/production/X1Main.o (___floatunsisf)
e:/program files (x86)/microchip/xc16/v1.41/bin/bin/../../lib\libm-elf.a(fne.epeo)
                              build/default/production/X1Main.o (___nesf2)
e:/program files (x86)/microchip/xc16/v1.41/bin/bin/../../lib\libm-elf.a(fpack.epeo)
                              e:/program files (x86)/microchip/xc16/v1.41/bin/bin/../../lib\libm-elf.a(addsf3.epeo) (__fpack)
e:/program files (x86)/microchip/xc16/v1.41/bin/bin/../../lib\libm-elf.a(funpack.epeo)
                              e:/program files (x86)/microchip/xc16/v1.41/bin/bin/../../lib\libm-elf.a(atanf.epeo) (__funpack)
e:/program files (x86)/microchip/xc16/v1.41/bin/bin/../../lib\libm-elf.a(funpack2.epeo)
                              e:/program files (x86)/microchip/xc16/v1.41/bin/bin/../../lib\libm-elf.a(addsf3.epeo) (__funpack2)
[...]
Memory Configuration

Name             Origin             Length             Attributes
data             0x001000           0x00d000           a !xr
reset            0x000000           0x000004  
ivt              0x000004           0x0001fc  
app_ivt          0x002000           0x000200  
program          0x002200           0x0535fc           xr
auxflash         0x7fc000           0x003ffa           xr
FGS              0xf80004           0x000002  
FOSCSEL          0xf80006           0x000002  
FOSC             0xf80008           0x000002  
FWDT             0xf8000a           0x000002  
FPOR             0xf8000c           0x000002  
FICD             0xf8000e           0x000002  
FAS              0xf80010           0x000002  
FUID0            0xf80012           0x000002  
*default*        0x000000           0xffffffff  

Linker script and memory map

LOAD build/default/production/X1Main.o
LOAD build/default/production/Monocycle.o
                    0x0001                  __MPLAB_BUILD = 0x1
LOAD p33EP512MU810
LOAD e:/program files (x86)/microchip/xc16/v1.41/bin/bin/../../lib\libfx-elf.a
                    0x2000                  __APP_IVT_BASE = 0x2000
                    0xf80004                  __FGS = 0xf80004
                    0xf80006                  __FOSCSEL = 0xf80006
                    0xf80008                  __FOSC = 0xf80008
                    0xf8000a                  __FWDT = 0xf8000a
                    0xf8000c                  __FPOR = 0xf8000c
                    0xf8000e                  __FICD = 0xf8000e
                    0xf80010                  __FAS = 0xf80010
                    0xf80012                  __FUID0 = 0xf80012
                    0x7fc000                  __CODE_BASE = 0x7fc000
                    0x3ffa                  __CODE_LENGTH = 0x3ffa
                    0x0004                  __IVT_BASE = 0x4
                    0x1000                  __DATA_BASE = 0x1000
                    0xd000                  __DATA_LENGTH = 0xd000
                    0x9000                  __YDATA_BASE = 0x9000
                    0xd000                  __DMA_BASE = 0xd000
                    0xdfff                  __DMA_END = 0xdfff

.reset            0x000000          0x4
                  0x000000          0x2 SHORT 0x2200 ABSOLUTE (__reset)
                  0x000001          0x2 SHORT 0x4
                  0x000002          0x2 SHORT 0x0 ((ABSOLUTE (__reset) >> 0x10) & 0x7f)
                  0x000003          0x2 SHORT 0x0

.text             0x002200       0x22a2
 *(.init)
 .init            0x002200         0x48 e:/program files (x86)/microchip/xc16/v1.41/bin/bin/../../lib\libpic30-elf.a(crt0_extendedep.o)
                  0x002200                  __resetPRI
                  0x002200                  __reset
                  0x00223c                  __psv_init
 .init            0x002248         0xb2 e:/program files (x86)/microchip/xc16/v1.41/bin/bin/../../lib\libpic30-elf.a(data_init_extended.o)
                  0x002248                  __data_init
                  0x002248                  __data_init_extended
 *(.user_init)
 *(.handle)
 *(.isr*)
 .isr.text        0x0022fa       0x1b24 build/default/production/X1Main.o
                  0x0022fa                  __AD1Interrupt
                  0x00243c                  __AD2Interrupt
                  0x002a90                  __T9Interrupt
                  0x002ab8                  __T3Interrupt
                  0x00308c                  __CNInterrupt
                  0x003674                  __U3TXInterrupt
                  0x0036c2                  __U3RXInterrupt
                  0x003808                  __OC4Interrupt
                  0x003844                  __SPI4Interrupt
                  0x00388c                  __SPI3Interrupt
                  0x003a58                  __U4TXInterrupt
                  0x003acc                  __U4RXInterrupt
                  0x003c18                  __T5Interrupt
                  0x003c42                  __T6Interrupt
                  0x003c6c                  __T7Interrupt
                  0x003cf2                  __T8Interrupt
                  0x003df8                  __OC1Interrupt
 .isr             0x003e1e          0x4 default_isr
                  0x003e1e                  __DefaultInterrupt
 *(.libc)
 *(.libm)
 *(.libdsp)
 *(.lib*)
 .libpic30_crt_start_mode
                  0x003e22          0x2 e:/program files (x86)/microchip/xc16/v1.41/bin/bin/../../lib\libpic30-elf.a(crt_start_mode_normalep.eo)
                  0x003e22                  __crt_start_mode
                  0x003e22                  __crt_start_mode_normal
 .libm.subsf3     0x003e24         0xbc e:/program files (x86)/microchip/xc16/v1.41/bin/bin/../../lib\libm-elf.a(addsf3.epeo)
                  0x003e24                  ___subsf3
                  0x003e26                  ___addsf3
 .libm.atanf      0x003ee0         0xca e:/program files (x86)/microchip/xc16/v1.41/bin/bin/../../lib\libm-elf.a(atanf.epeo)
                  0x003ee0                  _atanf
 .libm.cosf       0x003faa          0x4 e:/program files (x86)/microchip/xc16/v1.41/bin/bin/../../lib\libm-elf.a(cosf.epeo)
                  0x003faa                  _cosf
 .libm.divfs3     0x003fae         0x84 e:/program files (x86)/microchip/xc16/v1.41/bin/bin/../../lib\libm-elf.a(divsf3.epeo)
                  0x003fae                  ___divsf3
 .libm.divsi3     0x004032         0x1e e:/program files (x86)/microchip/xc16/v1.41/bin/bin/../../lib\libm-elf.a(divsi3.epeo)
                  0x004032                  ___divsi3
 .libm.eqsf2      0x004050          0x4 e:/program files (x86)/microchip/xc16/v1.41/bin/bin/../../lib\libm-elf.a(feqltle.epeo)
                  0x004050                  ___eqsf2
                  0x004050                  ___ltsf2
                  0x004050                  ___lesf2
 .libm.gtsf2      0x004054          0x4 e:/program files (x86)/microchip/xc16/v1.41/bin/bin/../../lib\libm-elf.a(fgtge.epeo)
                  0x004054                  ___gesf2
                  0x004054                  ___gtsf2
 .libm.fixsfsi    0x004058         0x42 e:/program files (x86)/microchip/xc16/v1.41/bin/bin/../../lib\libm-elf.a(fixsfsi.epeo)
                  0x004058                  _(float, int, long long, short, float, short, int)
 .libm.fixunssfsi
                  0x00409a         0x36 e:/program files (x86)/microchip/xc16/v1.41/bin/bin/../../lib\libm-elf.a(fixunssfsi.epeo)
                  0x00409a                  ___fixunssfsi
 .libm.floatsisf
                  0x0040d0          0x6 e:/program files (x86)/microchip/xc16/v1.41/bin/bin/../../lib\libm-elf.a(floatsisf.epeo)
                  0x0040d0                  ___floatsisf
 .libm.floatunsisf
                  0x0040d6          0x4 e:/program files (x86)/microchip/xc16/v1.41/bin/bin/../../lib\libm-elf.a(floatunsisf.epeo)
                  0x0040d6                  ___floatunsisf
 .libm.nesf2      0x0040da          0x4 e:/program files (x86)/microchip/xc16/v1.41/bin/bin/../../lib\libm-elf.a(fne.epeo)
                  0x0040da                  ___nesf2
 .libm.fpack      0x0040de         0x4c e:/program files (x86)/microchip/xc16/v1.41/bin/bin/../../lib\libm-elf.a(fpack.epeo)
                  0x0040de                  __fpack
 .libm.funpack    0x00412a         0x2a e:/program files (x86)/microchip/xc16/v1.41/bin/bin/../../lib\libm-elf.a(funpack.epeo)
                  0x00412a                  __funpack
 .libm.funpack2
                  0x004154         0x10 e:/program files (x86)/microchip/xc16/v1.41/bin/bin/../../lib\libm-elf.a(funpack2.epeo)
                  0x004154                  __funpack2
 .libm.fPropagateNaN
                  0x004164         0x12 e:/program files (x86)/microchip/xc16/v1.41/bin/bin/../../lib\libm-elf.a(futil.epeo)
                  0x004164                  __fPropagateNaN
 .libm.fbobExit
                  0x004176          0x8 e:/program files (x86)/microchip/xc16/v1.41/bin/bin/../../lib\libm-elf.a(futil.epeo)
                  0x004176                  __fbopExit
 .libm.fbopReturnNaN
                  0x00417e          0x6 e:/program files (x86)/microchip/xc16/v1.41/bin/bin/../../lib\libm-elf.a(futil.epeo)
                  0x00417e                  __fbopReturnNaN
 .libm.mulsf3     0x004184         0x68 e:/program files (x86)/microchip/xc16/v1.41/bin/bin/../../lib\libm-elf.a(mulsf3.epeo)
                  0x004184                  ___mulsf3
 .libm.sincosf    0x0041ec         0xd2 e:/program files (x86)/microchip/xc16/v1.41/bin/bin/../../lib\libm-elf.a(sincosf.epeo)
                  0x0041ec                  __sincosf
 .libm.sinf       0x0042be          0x4 e:/program files (x86)/microchip/xc16/v1.41/bin/bin/../../lib\libm-elf.a(sinf.epeo)
                  0x0042be                  _sinf
 .libm.sqrtf      0x0042c2         0x6a e:/program files (x86)/microchip/xc16/v1.41/bin/bin/../../lib\libm-elf.a(sqrtf.epeo)
                  0x0042c2                  _sqrtf
 .libm.udivsi3    0x00432c         0x20 e:/program files (x86)/microchip/xc16/v1.41/bin/bin/../../lib\libm-elf.a(udivsi3.epeo)
                  0x00432c                  ___udivsi3
 .libm.fcompare
                  0x00434c         0x36 e:/program files (x86)/microchip/xc16/v1.41/bin/bin/../../lib\libm-elf.a(fcompare.epeo)
                  0x00434c                  __fcompare
 .libm.floatdisf
                  0x004382         0x20 e:/program files (x86)/microchip/xc16/v1.41/bin/bin/../../lib\libm-elf.a(floatdisf.epeo)
                  0x004382                  ___floatdisf
 .libm.floatundisf
                  0x0043a2         0x5e e:/program files (x86)/microchip/xc16/v1.41/bin/bin/../../lib\libm-elf.a(floatundisf.epeo)
                  0x0043a2                  ___floatundisf
 .libm.fmodf      0x004400          0x4 e:/program files (x86)/microchip/xc16/v1.41/bin/bin/../../lib\libm-elf.a(fmodf.epeo)
                  0x004400                  _fmodf
 .libm.fmodrem    0x004404         0x9e e:/program files (x86)/microchip/xc16/v1.41/bin/bin/../../lib\libm-elf.a(fmodrem.epeo)
                  0x004404                  __fmodrem

usercode
 *(usercode)

__FGS             0xf80004          0x2
 *(__FGS.sec*)
 __FGS.sec        0xf80004          0x2 /CW/_FGS˜LÐL__FGS.sec
                  0xf80004                  __FGS.sec

__FOSCSEL
 *(__FOSCSEL.sec*)

__FOSC
 *(__FOSC.sec*)

__FWDT
 *(__FWDT.sec*)

__FPOR
 *(__FPOR.sec*)

__FICD
 *(__FICD.sec*)

__FAS
 *(__FAS.sec*)

__FUID0
 *(__FUID0.sec*)

.comment
 *(.comment)

.debug_info       0x000000      0x18734
 *(.debug_info)
 .debug_info      0x000000      0x172a8 build/default/production/X1Main.o
 .debug_info      0x0172a8       0x148c build/default/production/Monocycle.o
 *(.gnu.linkonce.wi.*)

.debug_abbrev     0x000000        0x353
 *(.debug_abbrev)
 .debug_abbrev    0x000000        0x273 build/default/production/X1Main.o
 .debug_abbrev    0x000273         0xe0 build/default/production/Monocycle.o

.debug_line       0x000000       0x4438
 *(.debug_line)
 .debug_line      0x000000       0x41c1 build/default/production/X1Main.o
 .debug_line      0x0041c1        0x277 build/default/production/Monocycle.o

.debug_frame      0x000000       0x194a
 *(.debug_frame)
 .debug_frame     0x000000       0x18ee build/default/production/X1Main.o
 .debug_frame     0x0018ee         0x5c build/default/production/Monocycle.o

.debug_str        0x000000       0x305b
 *(.debug_str)
 .debug_str       0x000000       0x2d53 build/default/production/X1Main.o
 .debug_str       0x002d53        0x308 build/default/production/Monocycle.o

.debug_loc
 *(.debug_loc)

.debug_macinfo
 *(.debug_macinfo)

.debug_pubnames
                  0x000000       0x5075
 *(.debug_pubnames)
 .debug_pubnames
                  0x000000       0x5032 build/default/production/X1Main.o
 .debug_pubnames
                  0x005032         0x43 build/default/production/Monocycle.o

.debug_ranges
 *(.debug_ranges)

.debug_aranges    0x000000         0x30
 *(.debug_aranges)
 .debug_aranges
                  0x000000         0x18 build/default/production/X1Main.o
 .debug_aranges
                  0x000018         0x18 build/default/production/Monocycle.o

.application_ivt
                  0x002000        0x1ec
                  0x002000          0x2 SHORT 0x2200 ABSOLUTE (__reset)
                  0x002001          0x2 SHORT 0x4
                  0x002002          0x2 SHORT 0x0 ((ABSOLUTE (__reset) >> 0x10) & 0x7f)
                  0x002003          0x2 SHORT 0x0
                  0x002004          0x2 SHORT 0x3e1e DEFINED (__OscillatorFail)?ABSOLUTE (__OscillatorFail):ABSOLUTE (__DefaultInterrupt)
                  0x002005          0x2 SHORT 0x4
                  0x002006          0x2 SHORT 0x0 DEFINED (__OscillatorFail)?((ABSOLUTE (__OscillatorFail) >> 0x10) & 0x7f):((ABSOLUTE (__DefaultInterrupt) >> 0x10) & 0x7f)
                  0x002007          0x2 SHORT 0x0
                  0x002008          0x2 SHORT 0x3e1e DEFINED (__AddressError)?ABSOLUTE (__AddressError):ABSOLUTE (__DefaultInterrupt)
                  0x002009          0x2 SHORT 0x4
                  0x00200a          0x2 SHORT 0x0 DEFINED (__AddressError)?((ABSOLUTE (__AddressError) >> 0x10) & 0x7f):((ABSOLUTE (__DefaultInterrupt) >> 0x10) & 0x7f)
                  0x00200b          0x2 SHORT 0x0
                  0x00200c          0x2 SHORT 0x3e1e DEFINED (__HardTrapError)?ABSOLUTE (__HardTrapError):ABSOLUTE (__DefaultInterrupt)
                  0x00200d          0x2 SHORT 0x4
                  0x00200e          0x2 SHORT 0x0 DEFINED (__HardTrapError)?((ABSOLUTE (__HardTrapError) >> 0x10) & 0x7f):((ABSOLUTE (__DefaultInterrupt) >> 0x10) & 0x7f)
                  0x00200f          0x2 SHORT 0x0
                  0x002010          0x2 SHORT 0x3e1e DEFINED (__StackError)?ABSOLUTE (__StackError):ABSOLUTE (__DefaultInterrupt)
                  0x002011          0x2 SHORT 0x4
                  0x002012          0x2 SHORT 0x0 DEFINED (__StackError)?((ABSOLUTE (__StackError) >> 0x10) & 0x7f):((ABSOLUTE (__DefaultInterrupt) >> 0x10) & 0x7f)
                  0x002013          0x2 SHORT 0x0
                  0x002014          0x2 SHORT 0x3e1e DEFINED (__MathError)?ABSOLUTE (__MathError):ABSOLUTE (__DefaultInterrupt)
                  0x002015          0x2 SHORT 0x4
                  0x002016          0x2 SHORT 0x0 DEFINED (__MathError)?((ABSOLUTE (__MathError) >> 0x10) & 0x7f):((ABSOLUTE (__DefaultInterrupt) >> 0x10) & 0x7f)
                  0x002017          0x2 SHORT 0x0
                  0x002018          0x2 SHORT 0x3e1e DEFINED (__DMACError)?ABSOLUTE (__DMACError):ABSOLUTE (__DefaultInterrupt)
                  0x002019          0x2 SHORT 0x4
                  0x00201a          0x2 SHORT 0x0 DEFINED (__DMACError)?((ABSOLUTE (__DMACError) >> 0x10) & 0x7f):((ABSOLUTE (__DefaultInterrupt) >> 0x10) & 0x7f)
                  0x00201b          0x2 SHORT 0x0
                  0x00201c          0x2 SHORT 0x3e1e DEFINED (__SoftTrapError)?ABSOLUTE (__SoftTrapError):ABSOLUTE (__DefaultInterrupt)
                  0x00201d          0x2 SHORT 0x4
                  0x00201e          0x2 SHORT 0x0 DEFINED (__SoftTrapError)?((ABSOLUTE (__SoftTrapError) >> 0x10) & 0x7f):((ABSOLUTE (__DefaultInterrupt) >> 0x10) & 0x7f)
                  0x00201f          0x2 SHORT 0x0
                  0x002020          0x2 SHORT 0x3e1e DEFINED (__INT0Interrupt)?ABSOLUTE (__INT0Interrupt):ABSOLUTE (__DefaultInterrupt)
                  0x002021          0x2 SHORT 0x4
                  0x002022          0x2 SHORT 0x0 DEFINED (__INT0Interrupt)?((ABSOLUTE (__INT0Interrupt) >> 0x10) & 0x7f):((ABSOLUTE (__DefaultInterrupt) >> 0x10) & 0x7f)
                  0x002023          0x2 SHORT 0x0
                  0x002024          0x2 SHORT 0x3e1e DEFINED (__IC1Interrupt)?ABSOLUTE (__IC1Interrupt):ABSOLUTE (__DefaultInterrupt)
                  0x002025          0x2 SHORT 0x4
                  0x002026          0x2 SHORT 0x0 DEFINED (__IC1Interrupt)?((ABSOLUTE (__IC1Interrupt) >> 0x10) & 0x7f):((ABSOLUTE (__DefaultInterrupt) >> 0x10) & 0x7f)
                  0x002027          0x2 SHORT 0x0
                  0x002028          0x2 SHORT 0x3df8 DEFINED (__OC1Interrupt)?ABSOLUTE (__OC1Interrupt):ABSOLUTE (__DefaultInterrupt)
                  0x002029          0x2 SHORT 0x4
                  0x00202a          0x2 SHORT 0x0 DEFINED (__OC1Interrupt)?((ABSOLUTE (__OC1Interrupt) >> 0x10) & 0x7f):((ABSOLUTE (__DefaultInterrupt) >> 0x10) & 0x7f)
                  0x00202b          0x2 SHORT 0x0
                  0x00202c          0x2 SHORT 0x3e1e DEFINED (__T1Interrupt)?ABSOLUTE (__T1Interrupt):ABSOLUTE (__DefaultInterrupt)
                  0x00202d          0x2 SHORT 0x4
                  0x00202e          0x2 SHORT 0x0 DEFINED (__T1Interrupt)?((ABSOLUTE (__T1Interrupt) >> 0x10) & 0x7f):((ABSOLUTE (__DefaultInterrupt) >> 0x10) & 0x7f)
                  0x00202f          0x2 SHORT 0x0
                  0x002030          0x2 SHORT 0x3e1e DEFINED (__DMA0Interrupt)?ABSOLUTE (__DMA0Interrupt):ABSOLUTE (__DefaultInterrupt)
                  0x002031          0x2 SHORT 0x4
                  0x002032          0x2 SHORT 0x0 DEFINED (__DMA0Interrupt)?((ABSOLUTE (__DMA0Interrupt) >> 0x10) & 0x7f):((ABSOLUTE (__DefaultInterrupt) >> 0x10) & 0x7f)
                  0x002033          0x2 SHORT 0x0
                  0x002034          0x2 SHORT 0x3e1e DEFINED (__IC2Interrupt)?ABSOLUTE (__IC2Interrupt):ABSOLUTE (__DefaultInterrupt)
                  0x002035          0x2 SHORT 0x4
                  0x002036          0x2 SHORT 0x0 DEFINED (__IC2Interrupt)?((ABSOLUTE (__IC2Interrupt) >> 0x10) & 0x7f):((ABSOLUTE (__DefaultInterrupt) >> 0x10) & 0x7f)
                  0x002037          0x2 SHORT 0x0
                  0x002038          0x2 SHORT 0x3e1e DEFINED (__OC2Interrupt)?ABSOLUTE (__OC2Interrupt):ABSOLUTE (__DefaultInterrupt)
                  0x002039          0x2 SHORT 0x4
                  0x00203a          0x2 SHORT 0x0 DEFINED (__OC2Interrupt)?((ABSOLUTE (__OC2Interrupt) >> 0x10) & 0x7f):((ABSOLUTE (__DefaultInterrupt) >> 0x10) & 0x7f)
                  0x00203b          0x2 SHORT 0x0
                  0x00203c          0x2 SHORT 0x3e1e DEFINED (__T2Interrupt)?ABSOLUTE (__T2Interrupt):ABSOLUTE (__DefaultInterrupt)
                  0x00203d          0x2 SHORT 0x4
                  0x00203e          0x2 SHORT 0x0 DEFINED (__T2Interrupt)?((ABSOLUTE (__T2Interrupt) >> 0x10) & 0x7f):((ABSOLUTE (__DefaultInterrupt) >> 0x10) & 0x7f)
                  0x00203f          0x2 SHORT 0x0
                  0x002040          0x2 SHORT 0x2ab8 DEFINED (__T3Interrupt)?ABSOLUTE (__T3Interrupt):ABSOLUTE (__DefaultInterrupt)
                  0x002041          0x2 SHORT 0x4
                  0x002042          0x2 SHORT 0x0 DEFINED (__T3Interrupt)?((ABSOLUTE (__T3Interrupt) >> 0x10) & 0x7f):((ABSOLUTE (__DefaultInterrupt) >> 0x10) & 0x7f)
                  0x002043          0x2 SHORT 0x0
                  0x002044          0x2 SHORT 0x3e1e DEFINED (__SPI1ErrInterrupt)?ABSOLUTE (__SPI1ErrInterrupt):ABSOLUTE (__DefaultInterrupt)
                  0x002045          0x2 SHORT 0x4
                  0x002046          0x2 SHORT 0x0 DEFINED (__SPI1ErrInterrupt)?((ABSOLUTE (__SPI1ErrInterrupt) >> 0x10) & 0x7f):((ABSOLUTE (__DefaultInterrupt) >> 0x10) & 0x7f)
                  0x002047          0x2 SHORT 0x0
                  0x002048          0x2 SHORT 0x3e1e DEFINED (__SPI1Interrupt)?ABSOLUTE (__SPI1Interrupt):ABSOLUTE (__DefaultInterrupt)
                  0x002049          0x2 SHORT 0x4
                  0x00204a          0x2 SHORT 0x0 DEFINED (__SPI1Interrupt)?((ABSOLUTE (__SPI1Interrupt) >> 0x10) & 0x7f):((ABSOLUTE (__DefaultInterrupt) >> 0x10) & 0x7f)
                  0x00204b          0x2 SHORT 0x0
                  0x00204c          0x2 SHORT 0x3e1e DEFINED (__U1RXInterrupt)?ABSOLUTE (__U1RXInterrupt):ABSOLUTE (__DefaultInterrupt)
                  0x00204d          0x2 SHORT 0x4
                  0x00204e          0x2 SHORT 0x0 DEFINED (__U1RXInterrupt)?((ABSOLUTE (__U1RXInterrupt) >> 0x10) & 0x7f):((ABSOLUTE (__DefaultInterrupt) >> 0x10) & 0x7f)
                  0x00204f          0x2 SHORT 0x0
                  0x002050          0x2 SHORT 0x3e1e DEFINED (__U1TXInterrupt)?ABSOLUTE (__U1TXInterrupt):ABSOLUTE (__DefaultInterrupt)
                  0x002051          0x2 SHORT 0x4
                  0x002052          0x2 SHORT 0x0 DEFINED (__U1TXInterrupt)?((ABSOLUTE (__U1TXInterrupt) >> 0x10) & 0x7f):((ABSOLUTE (__DefaultInterrupt) >> 0x10) & 0x7f)
                  0x002053          0x2 SHORT 0x0
                  0x002054          0x2 SHORT 0x22fa DEFINED (__AD1Interrupt)?ABSOLUTE (__AD1Interrupt):ABSOLUTE (__DefaultInterrupt)
                  0x002055          0x2 SHORT 0x4
                  0x002056          0x2 SHORT 0x0 DEFINED (__AD1Interrupt)?((ABSOLUTE (__AD1Interrupt) >> 0x10) & 0x7f):((ABSOLUTE (__DefaultInterrupt) >> 0x10) & 0x7f)
                  0x002057          0x2 SHORT 0x0
                  0x002058          0x2 SHORT 0x3e1e DEFINED (__DMA1Interrupt)?ABSOLUTE (__DMA1Interrupt):ABSOLUTE (__DefaultInterrupt)
                  0x002059          0x2 SHORT 0x4
                  0x00205a          0x2 SHORT 0x0 DEFINED (__DMA1Interrupt)?((ABSOLUTE (__DMA1Interrupt) >> 0x10) & 0x7f):((ABSOLUTE (__DefaultInterrupt) >> 0x10) & 0x7f)
                  0x00205b          0x2 SHORT 0x0
                  0x00205c          0x2 SHORT 0x3e1e DEFINED (__NVMInterrupt)?ABSOLUTE (__NVMInterrupt):ABSOLUTE (__DefaultInterrupt)
                  0x00205d          0x2 SHORT 0x4
                  0x00205e          0x2 SHORT 0x0 DEFINED (__NVMInterrupt)?((ABSOLUTE (__NVMInterrupt) >> 0x10) & 0x7f):((ABSOLUTE (__DefaultInterrupt) >> 0x10) & 0x7f)
                  0x00205f          0x2 SHORT 0x0
                  0x002060          0x2 SHORT 0x3e1e DEFINED (__SI2C1Interrupt)?ABSOLUTE (__SI2C1Interrupt):ABSOLUTE (__DefaultInterrupt)
                  0x002061          0x2 SHORT 0x4
                  0x002062          0x2 SHORT 0x0 DEFINED (__SI2C1Interrupt)?((ABSOLUTE (__SI2C1Interrupt) >> 0x10) & 0x7f):((ABSOLUTE (__DefaultInterrupt) >> 0x10) & 0x7f)
                  0x002063          0x2 SHORT 0x0
                  0x002064          0x2 SHORT 0x3e1e DEFINED (__MI2C1Interrupt)?ABSOLUTE (__MI2C1Interrupt):ABSOLUTE (__DefaultInterrupt)
                  0x002065          0x2 SHORT 0x4
                  0x002066          0x2 SHORT 0x0 DEFINED (__MI2C1Interrupt)?((ABSOLUTE (__MI2C1Interrupt) >> 0x10) & 0x7f):((ABSOLUTE (__DefaultInterrupt) >> 0x10) & 0x7f)
                  0x002067          0x2 SHORT 0x0
                  0x002068          0x2 SHORT 0x3e1e DEFINED (__CM1Interrupt)?ABSOLUTE (__CM1Interrupt):ABSOLUTE (__DefaultInterrupt)
                  0x002069          0x2 SHORT 0x4
                  0x00206a          0x2 SHORT 0x0 DEFINED (__CM1Interrupt)?((ABSOLUTE (__CM1Interrupt) >> 0x10) & 0x7f):((ABSOLUTE (__DefaultInterrupt) >> 0x10) & 0x7f)
                  0x00206b          0x2 SHORT 0x0
                  0x00206c          0x2 SHORT 0x308c DEFINED (__CNInterrupt)?ABSOLUTE (__CNInterrupt):ABSOLUTE (__DefaultInterrupt)
                  0x00206d          0x2 SHORT 0x4
                  0x00206e          0x2 SHORT 0x0 DEFINED (__CNInterrupt)?((ABSOLUTE (__CNInterrupt) >> 0x10) & 0x7f):((ABSOLUTE (__DefaultInterrupt) >> 0x10) & 0x7f)
                  0x00206f          0x2 SHORT 0x0
                  0x002070          0x2 SHORT 0x3e1e DEFINED (__INT1Interrupt)?ABSOLUTE (__INT1Interrupt):ABSOLUTE (__DefaultInterrupt)
                  0x002071          0x2 SHORT 0x4
                  0x002072          0x2 SHORT 0x0 DEFINED (__INT1Interrupt)?((ABSOLUTE (__INT1Interrupt) >> 0x10) & 0x7f):((ABSOLUTE (__DefaultInterrupt) >> 0x10) & 0x7f)
                  0x002073          0x2 SHORT 0x0
                  0x002074          0x2 SHORT 0x243c DEFINED (__AD2Interrupt)?ABSOLUTE (__AD2Interrupt):ABSOLUTE (__DefaultInterrupt)
                  0x002075          0x2 SHORT 0x4
                  0x002076          0x2 SHORT 0x0 DEFINED (__AD2Interrupt)?((ABSOLUTE (__AD2Interrupt) >> 0x10) & 0x7f):((ABSOLUTE (__DefaultInterrupt) >> 0x10) & 0x7f)
                  0x002077          0x2 SHORT 0x0
                  0x002078          0x2 SHORT 0x3e1e DEFINED (__IC7Interrupt)?ABSOLUTE (__IC7Interrupt):ABSOLUTE (__DefaultInterrupt)
                  0x002079          0x2 SHORT 0x4
                  0x00207a          0x2 SHORT 0x0 DEFINED (__IC7Interrupt)?((ABSOLUTE (__IC7Interrupt) >> 0x10) & 0x7f):((ABSOLUTE (__DefaultInterrupt) >> 0x10) & 0x7f)
                  0x00207b          0x2 SHORT 0x0
                  0x00207c          0x2 SHORT 0x3e1e DEFINED (__IC8Interrupt)?ABSOLUTE (__IC8Interrupt):ABSOLUTE (__DefaultInterrupt)
                  0x00207d          0x2 SHORT 0x4
                  0x00207e          0x2 SHORT 0x0 DEFINED (__IC8Interrupt)?((ABSOLUTE (__IC8Interrupt) >> 0x10) & 0x7f):((ABSOLUTE (__DefaultInterrupt) >> 0x10) & 0x7f)
                  0x00207f          0x2 SHORT 0x0
                  0x002080          0x2 SHORT 0x3e1e DEFINED (__DMA2Interrupt)?ABSOLUTE (__DMA2Interrupt):ABSOLUTE (__DefaultInterrupt)
                  0x002081          0x2 SHORT 0x4
                  0x002082          0x2 SHORT 0x0 DEFINED (__DMA2Interrupt)?((ABSOLUTE (__DMA2Interrupt) >> 0x10) & 0x7f):((ABSOLUTE (__DefaultInterrupt) >> 0x10) & 0x7f)
                  0x002083          0x2 SHORT 0x0
                  0x002084          0x2 SHORT 0x3e1e DEFINED (__OC3Interrupt)?ABSOLUTE (__OC3Interrupt):ABSOLUTE (__DefaultInterrupt)
                  0x002085          0x2 SHORT 0x4
                  0x002086          0x2 SHORT 0x0 DEFINED (__OC3Interrupt)?((ABSOLUTE (__OC3Interrupt) >> 0x10) & 0x7f):((ABSOLUTE (__DefaultInterrupt) >> 0x10) & 0x7f)
                  0x002087          0x2 SHORT 0x0
                  0x002088          0x2 SHORT 0x3808 DEFINED (__OC4Interrupt)?ABSOLUTE (__OC4Interrupt):ABSOLUTE (__DefaultInterrupt)
                  0x002089          0x2 SHORT 0x4
                  0x00208a          0x2 SHORT 0x0 DEFINED (__OC4Interrupt)?((ABSOLUTE (__OC4Interrupt) >> 0x10) & 0x7f):((ABSOLUTE (__DefaultInterrupt) >> 0x10) & 0x7f)
                  0x00208b          0x2 SHORT 0x0
                  0x00208c          0x2 SHORT 0x3e1e DEFINED (__T4Interrupt)?ABSOLUTE (__T4Interrupt):ABSOLUTE (__DefaultInterrupt)
                  0x00208d          0x2 SHORT 0x4
                  0x00208e          0x2 SHORT 0x0 DEFINED (__T4Interrupt)?((ABSOLUTE (__T4Interrupt) >> 0x10) & 0x7f):((ABSOLUTE (__DefaultInterrupt) >> 0x10) & 0x7f)
                  0x00208f          0x2 SHORT 0x0
                  0x002090          0x2 SHORT 0x3c18 DEFINED (__T5Interrupt)?ABSOLUTE (__T5Interrupt):ABSOLUTE (__DefaultInterrupt)
                  0x002091          0x2 SHORT 0x4
                  0x002092          0x2 SHORT 0x0 DEFINED (__T5Interrupt)?((ABSOLUTE (__T5Interrupt) >> 0x10) & 0x7f):((ABSOLUTE (__DefaultInterrupt) >> 0x10) & 0x7f)
                  0x002093          0x2 SHORT 0x0
                  0x002094          0x2 SHORT 0x3e1e DEFINED (__INT2Interrupt)?ABSOLUTE (__INT2Interrupt):ABSOLUTE (__DefaultInterrupt)
                  0x002095          0x2 SHORT 0x4
                  0x002096          0x2 SHORT 0x0 DEFINED (__INT2Interrupt)?((ABSOLUTE (__INT2Interrupt) >> 0x10) & 0x7f):((ABSOLUTE (__DefaultInterrupt) >> 0x10) & 0x7f)
                  0x002097          0x2 SHORT 0x0
                  0x002098          0x2 SHORT 0x3e1e DEFINED (__U2RXInterrupt)?ABSOLUTE (__U2RXInterrupt):ABSOLUTE (__DefaultInterrupt)
                  0x002099          0x2 SHORT 0x4
                  0x00209a          0x2 SHORT 0x0 DEFINED (__U2RXInterrupt)?((ABSOLUTE (__U2RXInterrupt) >> 0x10) & 0x7f):((ABSOLUTE (__DefaultInterrupt) >> 0x10) & 0x7f)
                  0x00209b          0x2 SHORT 0x0
                  0x00209c          0x2 SHORT 0x3e1e DEFINED (__U2TXInterrupt)?ABSOLUTE (__U2TXInterrupt):ABSOLUTE (__DefaultInterrupt)
                  0x00209d          0x2 SHORT 0x4
                  0x00209e          0x2 SHORT 0x0 DEFINED (__U2TXInterrupt)?((ABSOLUTE (__U2TXInterrupt) >> 0x10) & 0x7f):((ABSOLUTE (__DefaultInterrupt) >> 0x10) & 0x7f)
                  0x00209f          0x2 SHORT 0x0
                  0x0020a0          0x2 SHORT 0x3e1e DEFINED (__SPI2ErrInterrupt)?ABSOLUTE (__SPI2ErrInterrupt):ABSOLUTE (__DefaultInterrupt)
                  0x0020a1          0x2 SHORT 0x4
                  0x0020a2          0x2 SHORT 0x0 DEFINED (__SPI2ErrInterrupt)?((ABSOLUTE (__SPI2ErrInterrupt) >> 0x10) & 0x7f):((ABSOLUTE (__DefaultInterrupt) >> 0x10) & 0x7f)
                  0x0020a3          0x2 SHORT 0x0
                  0x0020a4          0x2 SHORT 0x3e1e DEFINED (__SPI2Interrupt)?ABSOLUTE (__SPI2Interrupt):ABSOLUTE (__DefaultInterrupt)
                  0x0020a5          0x2 SHORT 0x4
                  0x0020a6          0x2 SHORT 0x0 DEFINED (__SPI2Interrupt)?((ABSOLUTE (__SPI2Interrupt) >> 0x10) & 0x7f):((ABSOLUTE (__DefaultInterrupt) >> 0x10) & 0x7f)
                  0x0020a7          0x2 SHORT 0x0
                  0x0020a8          0x2 SHORT 0x3e1e DEFINED (__C1RxRdyInterrupt)?ABSOLUTE (__C1RxRdyInterrupt):ABSOLUTE (__DefaultInterrupt)
                  0x0020a9          0x2 SHORT 0x4
                  0x0020aa          0x2 SHORT 0x0 DEFINED (__C1RxRdyInterrupt)?((ABSOLUTE (__C1RxRdyInterrupt) >> 0x10) & 0x7f):((ABSOLUTE (__DefaultInterrupt) >> 0x10) & 0x7f)
                  0x0020ab          0x2 SHORT 0x0
                  0x0020ac          0x2 SHORT 0x3e1e DEFINED (__C1Interrupt)?ABSOLUTE (__C1Interrupt):ABSOLUTE (__DefaultInterrupt)
                  0x0020ad          0x2 SHORT 0x4
                  0x0020ae          0x2 SHORT 0x0 DEFINED (__C1Interrupt)?((ABSOLUTE (__C1Interrupt) >> 0x10) & 0x7f):((ABSOLUTE (__DefaultInterrupt) >> 0x10) & 0x7f)
                  0x0020af          0x2 SHORT 0x0
                  0x0020b0          0x2 SHORT 0x3e1e DEFINED (__DMA3Interrupt)?ABSOLUTE (__DMA3Interrupt):ABSOLUTE (__DefaultInterrupt)
                  0x0020b1          0x2 SHORT 0x4
                  0x0020b2          0x2 SHORT 0x0 DEFINED (__DMA3Interrupt)?((ABSOLUTE (__DMA3Interrupt) >> 0x10) & 0x7f):((ABSOLUTE (__DefaultInterrupt) >> 0x10) & 0x7f)
                  0x0020b3          0x2 SHORT 0x0
                  0x0020b4          0x2 SHORT 0x3e1e DEFINED (__IC3Interrupt)?ABSOLUTE (__IC3Interrupt):ABSOLUTE (__DefaultInterrupt)
                  0x0020b5          0x2 SHORT 0x4
                  0x0020b6          0x2 SHORT 0x0 DEFINED (__IC3Interrupt)?((ABSOLUTE (__IC3Interrupt) >> 0x10) & 0x7f):((ABSOLUTE (__DefaultInterrupt) >> 0x10) & 0x7f)
                  0x0020b7          0x2 SHORT 0x0
                  0x0020b8          0x2 SHORT 0x3e1e DEFINED (__IC4Interrupt)?ABSOLUTE (__IC4Interrupt):ABSOLUTE (__DefaultInterrupt)
                  0x0020b9          0x2 SHORT 0x4
                  0x0020ba          0x2 SHORT 0x0 DEFINED (__IC4Interrupt)?((ABSOLUTE (__IC4Interrupt) >> 0x10) & 0x7f):((ABSOLUTE (__DefaultInterrupt) >> 0x10) & 0x7f)
                  0x0020bb          0x2 SHORT 0x0
                  0x0020bc          0x2 SHORT 0x3e1e DEFINED (__IC5Interrupt)?ABSOLUTE (__IC5Interrupt):ABSOLUTE (__DefaultInterrupt)
                  0x0020bd          0x2 SHORT 0x4
                  0x0020be          0x2 SHORT 0x0 DEFINED (__IC5Interrupt)?((ABSOLUTE (__IC5Interrupt) >> 0x10) & 0x7f):((ABSOLUTE (__DefaultInterrupt) >> 0x10) & 0x7f)
                  0x0020bf          0x2 SHORT 0x0
                  0x0020c0          0x2 SHORT 0x3e1e DEFINED (__IC6Interrupt)?ABSOLUTE (__IC6Interrupt):ABSOLUTE (__DefaultInterrupt)
                  0x0020c1          0x2 SHORT 0x4
                  0x0020c2          0x2 SHORT 0x0 DEFINED (__IC6Interrupt)?((ABSOLUTE (__IC6Interrupt) >> 0x10) & 0x7f):((ABSOLUTE (__DefaultInterrupt) >> 0x10) & 0x7f)
                  0x0020c3          0x2 SHORT 0x0
                  0x0020c4          0x2 SHORT 0x3e1e DEFINED (__OC5Interrupt)?ABSOLUTE (__OC5Interrupt):ABSOLUTE (__DefaultInterrupt)
                  0x0020c5          0x2 SHORT 0x4
                  0x0020c6          0x2 SHORT 0x0 DEFINED (__OC5Interrupt)?((ABSOLUTE (__OC5Interrupt) >> 0x10) & 0x7f):((ABSOLUTE (__DefaultInterrupt) >> 0x10) & 0x7f)
                  0x0020c7          0x2 SHORT 0x0
                  0x0020c8          0x2 SHORT 0x3e1e DEFINED (__OC6Interrupt)?ABSOLUTE (__OC6Interrupt):ABSOLUTE (__DefaultInterrupt)
                  0x0020c9          0x2 SHORT 0x4
                  0x0020ca          0x2 SHORT 0x0 DEFINED (__OC6Interrupt)?((ABSOLUTE (__OC6Interrupt) >> 0x10) & 0x7f):((ABSOLUTE (__DefaultInterrupt) >> 0x10) & 0x7f)
                  0x0020cb          0x2 SHORT 0x0
                  0x0020cc          0x2 SHORT 0x3e1e DEFINED (__OC7Interrupt)?ABSOLUTE (__OC7Interrupt):ABSOLUTE (__DefaultInterrupt)
                  0x0020cd          0x2 SHORT 0x4
                  0x0020ce          0x2 SHORT 0x0 DEFINED (__OC7Interrupt)?((ABSOLUTE (__OC7Interrupt) >> 0x10) & 0x7f):((ABSOLUTE (__DefaultInterrupt) >> 0x10) & 0x7f)
                  0x0020cf          0x2 SHORT 0x0
                  0x0020d0          0x2 SHORT 0x3e1e DEFINED (__OC8Interrupt)?ABSOLUTE (__OC8Interrupt):ABSOLUTE (__DefaultInterrupt)
                  0x0020d1          0x2 SHORT 0x4
                  0x0020d2          0x2 SHORT 0x0 DEFINED (__OC8Interrupt)?((ABSOLUTE (__OC8Interrupt) >> 0x10) & 0x7f):((ABSOLUTE (__DefaultInterrupt) >> 0x10) & 0x7f)
                  0x0020d3          0x2 SHORT 0x0
                  0x0020d4          0x2 SHORT 0x3e1e DEFINED (__PMPInterrupt)?ABSOLUTE (__PMPInterrupt):ABSOLUTE (__DefaultInterrupt)
                  0x0020d5          0x2 SHORT 0x4
                  0x0020d6          0x2 SHORT 0x0 DEFINED (__PMPInterrupt)?((ABSOLUTE (__PMPInterrupt) >> 0x10) & 0x7f):((ABSOLUTE (__DefaultInterrupt) >> 0x10) & 0x7f)
                  0x0020d7          0x2 SHORT 0x0
                  0x0020d8          0x2 SHORT 0x3e1e DEFINED (__DMA4Interrupt)?ABSOLUTE (__DMA4Interrupt):ABSOLUTE (__DefaultInterrupt)
                  0x0020d9          0x2 SHORT 0x4
                  0x0020da          0x2 SHORT 0x0 DEFINED (__DMA4Interrupt)?((ABSOLUTE (__DMA4Interrupt) >> 0x10) & 0x7f):((ABSOLUTE (__DefaultInterrupt) >> 0x10) & 0x7f)
                  0x0020db          0x2 SHORT 0x0
                  0x0020dc          0x2 SHORT 0x3c42 DEFINED (__T6Interrupt)?ABSOLUTE (__T6Interrupt):ABSOLUTE (__DefaultInterrupt)
                  0x0020dd          0x2 SHORT 0x4
                  0x0020de          0x2 SHORT 0x0 DEFINED (__T6Interrupt)?((ABSOLUTE (__T6Interrupt) >> 0x10) & 0x7f):((ABSOLUTE (__DefaultInterrupt) >> 0x10) & 0x7f)
                  0x0020df          0x2 SHORT 0x0
                  0x0020e0          0x2 SHORT 0x3c6c DEFINED (__T7Interrupt)?ABSOLUTE (__T7Interrupt):ABSOLUTE (__DefaultInterrupt)
                  0x0020e1          0x2 SHORT 0x4
                  0x0020e2          0x2 SHORT 0x0 DEFINED (__T7Interrupt)?((ABSOLUTE (__T7Interrupt) >> 0x10) & 0x7f):((ABSOLUTE (__DefaultInterrupt) >> 0x10) & 0x7f)
                  0x0020e3          0x2 SHORT 0x0
                  0x0020e4          0x2 SHORT 0x3e1e DEFINED (__SI2C2Interrupt)?ABSOLUTE (__SI2C2Interrupt):ABSOLUTE (__DefaultInterrupt)
                  0x0020e5          0x2 SHORT 0x4
                  0x0020e6          0x2 SHORT 0x0 DEFINED (__SI2C2Interrupt)?((ABSOLUTE (__SI2C2Interrupt) >> 0x10) & 0x7f):((ABSOLUTE (__DefaultInterrupt) >> 0x10) & 0x7f)
                  0x0020e7          0x2 SHORT 0x0
                  0x0020e8          0x2 SHORT 0x3e1e DEFINED (__MI2C2Interrupt)?ABSOLUTE (__MI2C2Interrupt):ABSOLUTE (__DefaultInterrupt)
                  0x0020e9          0x2 SHORT 0x4
                  0x0020ea          0x2 SHORT 0x0 DEFINED (__MI2C2Interrupt)?((ABSOLUTE (__MI2C2Interrupt) >> 0x10) & 0x7f):((ABSOLUTE (__DefaultInterrupt) >> 0x10) & 0x7f)
                  0x0020eb          0x2 SHORT 0x0
                  0x0020ec          0x2 SHORT 0x3cf2 DEFINED (__T8Interrupt)?ABSOLUTE (__T8Interrupt):ABSOLUTE (__DefaultInterrupt)
                  0x0020ed          0x2 SHORT 0x4
                  0x0020ee          0x2 SHORT 0x0 DEFINED (__T8Interrupt)?((ABSOLUTE (__T8Interrupt) >> 0x10) & 0x7f):((ABSOLUTE (__DefaultInterrupt) >> 0x10) & 0x7f)
                  0x0020ef          0x2 SHORT 0x0
                  0x0020f0          0x2 SHORT 0x2a90 DEFINED (__T9Interrupt)?ABSOLUTE (__T9Interrupt):ABSOLUTE (__DefaultInterrupt)
                  0x0020f1          0x2 SHORT 0x4
                  0x0020f2          0x2 SHORT 0x0 DEFINED (__T9Interrupt)?((ABSOLUTE (__T9Interrupt) >> 0x10) & 0x7f):((ABSOLUTE (__DefaultInterrupt) >> 0x10) & 0x7f)
                  0x0020f3          0x2 SHORT 0x0
                  0x0020f4          0x2 SHORT 0x3e1e DEFINED (__INT3Interrupt)?ABSOLUTE (__INT3Interrupt):ABSOLUTE (__DefaultInterrupt)
                  0x0020f5          0x2 SHORT 0x4
                  0x0020f6          0x2 SHORT 0x0 DEFINED (__INT3Interrupt)?((ABSOLUTE (__INT3Interrupt) >> 0x10) & 0x7f):((ABSOLUTE (__DefaultInterrupt) >> 0x10) & 0x7f)
                  0x0020f7          0x2 SHORT 0x0
                  0x0020f8          0x2 SHORT 0x3e1e DEFINED (__INT4Interrupt)?ABSOLUTE (__INT4Interrupt):ABSOLUTE (__DefaultInterrupt)
                  0x0020f9          0x2 SHORT 0x4
                  0x0020fa          0x2 SHORT 0x0 DEFINED (__INT4Interrupt)?((ABSOLUTE (__INT4Interrupt) >> 0x10) & 0x7f):((ABSOLUTE (__DefaultInterrupt) >> 0x10) & 0x7f)
                  0x0020fb          0x2 SHORT 0x0
                  0x0020fc          0x2 SHORT 0x3e1e DEFINED (__C2RxRdyInterrupt)?ABSOLUTE (__C2RxRdyInterrupt):ABSOLUTE (__DefaultInterrupt)
                  0x0020fd          0x2 SHORT 0x4
                  0x0020fe          0x2 SHORT 0x0 DEFINED (__C2RxRdyInterrupt)?((ABSOLUTE (__C2RxRdyInterrupt) >> 0x10) & 0x7f):((ABSOLUTE (__DefaultInterrupt) >> 0x10) & 0x7f)
                  0x0020ff          0x2 SHORT 0x0
                  0x002100          0x2 SHORT 0x3e1e DEFINED (__C2Interrupt)?ABSOLUTE (__C2Interrupt):ABSOLUTE (__DefaultInterrupt)
                  0x002101          0x2 SHORT 0x4
                  0x002102          0x2 SHORT 0x0 DEFINED (__C2Interrupt)?((ABSOLUTE (__C2Interrupt) >> 0x10) & 0x7f):((ABSOLUTE (__DefaultInterrupt) >> 0x10) & 0x7f)
                  0x002103          0x2 SHORT 0x0
                  0x002104          0x2 SHORT 0x3e1e DEFINED (__PWMSpEventMatchInterrupt)?ABSOLUTE (__PWMSpEventMatchInterrupt):ABSOLUTE (__DefaultInterrupt)
                  0x002105          0x2 SHORT 0x4
                  0x002106          0x2 SHORT 0x0 DEFINED (__PWMSpEventMatchInterrupt)?((ABSOLUTE (__PWMSpEventMatchInterrupt) >> 0x10) & 0x7f):((ABSOLUTE (__DefaultInterrupt) >> 0x10) & 0x7f)
                  0x002107          0x2 SHORT 0x0
                  0x002108          0x2 SHORT 0x3e1e DEFINED (__QEI1Interrupt)?ABSOLUTE (__QEI1Interrupt):ABSOLUTE (__DefaultInterrupt)
                  0x002109          0x2 SHORT 0x4
                  0x00210a          0x2 SHORT 0x0 DEFINED (__QEI1Interrupt)?((ABSOLUTE (__QEI1Interrupt) >> 0x10) & 0x7f):((ABSOLUTE (__DefaultInterrupt) >> 0x10) & 0x7f)
                  0x00210b          0x2 SHORT 0x0
                  0x00210c          0x2 SHORT 0x3e1e DEFINED (__DCIEInterrupt)?ABSOLUTE (__DCIEInterrupt):ABSOLUTE (__DefaultInterrupt)
                  0x00210d          0x2 SHORT 0x4
                  0x00210e          0x2 SHORT 0x0 DEFINED (__DCIEInterrupt)?((ABSOLUTE (__DCIEInterrupt) >> 0x10) & 0x7f):((ABSOLUTE (__DefaultInterrupt) >> 0x10) & 0x7f)
                  0x00210f          0x2 SHORT 0x0
                  0x002110          0x2 SHORT 0x3e1e DEFINED (__DCIInterrupt)?ABSOLUTE (__DCIInterrupt):ABSOLUTE (__DefaultInterrupt)
                  0x002111          0x2 SHORT 0x4
                  0x002112          0x2 SHORT 0x0 DEFINED (__DCIInterrupt)?((ABSOLUTE (__DCIInterrupt) >> 0x10) & 0x7f):((ABSOLUTE (__DefaultInterrupt) >> 0x10) & 0x7f)
                  0x002113          0x2 SHORT 0x0
                  0x002114          0x2 SHORT 0x3e1e DEFINED (__DMA5Interrupt)?ABSOLUTE (__DMA5Interrupt):ABSOLUTE (__DefaultInterrupt)
                  0x002115          0x2 SHORT 0x4
                  0x002116          0x2 SHORT 0x0 DEFINED (__DMA5Interrupt)?((ABSOLUTE (__DMA5Interrupt) >> 0x10) & 0x7f):((ABSOLUTE (__DefaultInterrupt) >> 0x10) & 0x7f)
                  0x002117          0x2 SHORT 0x0
                  0x002118          0x2 SHORT 0x3e1e DEFINED (__RTCCInterrupt)?ABSOLUTE (__RTCCInterrupt):ABSOLUTE (__DefaultInterrupt)
                  0x002119          0x2 SHORT 0x4
                  0x00211a          0x2 SHORT 0x0 DEFINED (__RTCCInterrupt)?((ABSOLUTE (__RTCCInterrupt) >> 0x10) & 0x7f):((ABSOLUTE (__DefaultInterrupt) >> 0x10) & 0x7f)
                  0x00211b          0x2 SHORT 0x0
                  0x00211c          0x2 SHORT 0x3e1e DEFINED (__U1ErrInterrupt)?ABSOLUTE (__U1ErrInterrupt):ABSOLUTE (__DefaultInterrupt)
                  0x00211d          0x2 SHORT 0x4
                  0x00211e          0x2 SHORT 0x0 DEFINED (__U1ErrInterrupt)?((ABSOLUTE (__U1ErrInterrupt) >> 0x10) & 0x7f):((ABSOLUTE (__DefaultInterrupt) >> 0x10) & 0x7f)
                  0x00211f          0x2 SHORT 0x0
                  0x002120          0x2 SHORT 0x3e1e DEFINED (__U2ErrInterrupt)?ABSOLUTE (__U2ErrInterrupt):ABSOLUTE (__DefaultInterrupt)
                  0x002121          0x2 SHORT 0x4
                  0x002122          0x2 SHORT 0x0 DEFINED (__U2ErrInterrupt)?((ABSOLUTE (__U2ErrInterrupt) >> 0x10) & 0x7f):((ABSOLUTE (__DefaultInterrupt) >> 0x10) & 0x7f)
                  0x002123          0x2 SHORT 0x0
                  0x002124          0x2 SHORT 0x3e1e DEFINED (__CRCInterrupt)?ABSOLUTE (__CRCInterrupt):ABSOLUTE (__DefaultInterrupt)
                  0x002125          0x2 SHORT 0x4
                  0x002126          0x2 SHORT 0x0 DEFINED (__CRCInterrupt)?((ABSOLUTE (__CRCInterrupt) >> 0x10) & 0x7f):((ABSOLUTE (__DefaultInterrupt) >> 0x10) & 0x7f)
                  0x002127          0x2 SHORT 0x0
                  0x002128          0x2 SHORT 0x3e1e DEFINED (__DMA6Interrupt)?ABSOLUTE (__DMA6Interrupt):ABSOLUTE (__DefaultInterrupt)
                  0x002129          0x2 SHORT 0x4
                  0x00212a          0x2 SHORT 0x0 DEFINED (__DMA6Interrupt)?((ABSOLUTE (__DMA6Interrupt) >> 0x10) & 0x7f):((ABSOLUTE (__DefaultInterrupt) >> 0x10) & 0x7f)
                  0x00212b          0x2 SHORT 0x0
                  0x00212c          0x2 SHORT 0x3e1e DEFINED (__DMA7Interrupt)?ABSOLUTE (__DMA7Interrupt):ABSOLUTE (__DefaultInterrupt)
                  0x00212d          0x2 SHORT 0x4
                  0x00212e          0x2 SHORT 0x0 DEFINED (__DMA7Interrupt)?((ABSOLUTE (__DMA7Interrupt) >> 0x10) & 0x7f):((ABSOLUTE (__DefaultInterrupt) >> 0x10) & 0x7f)
                  0x00212f          0x2 SHORT 0x0
                  0x002130          0x2 SHORT 0x3e1e DEFINED (__C1TxReqInterrupt)?ABSOLUTE (__C1TxReqInterrupt):ABSOLUTE (__DefaultInterrupt)
                  0x002131          0x2 SHORT 0x4
                  0x002132          0x2 SHORT 0x0 DEFINED (__C1TxReqInterrupt)?((ABSOLUTE (__C1TxReqInterrupt) >> 0x10) & 0x7f):((ABSOLUTE (__DefaultInterrupt) >> 0x10) & 0x7f)
                  0x002133          0x2 SHORT 0x0
                  0x002134          0x2 SHORT 0x3e1e DEFINED (__C2TxReqInterrupt)?ABSOLUTE (__C2TxReqInterrupt):ABSOLUTE (__DefaultInterrupt)
                  0x002135          0x2 SHORT 0x4
                  0x002136          0x2 SHORT 0x0 DEFINED (__C2TxReqInterrupt)?((ABSOLUTE (__C2TxReqInterrupt) >> 0x10) & 0x7f):((ABSOLUTE (__DefaultInterrupt) >> 0x10) & 0x7f)
                  0x002137          0x2 SHORT 0x0
                  0x002138          0x2 SHORT 0x3e1e DEFINED (__PWMSecSpEventMatchInterrupt)?ABSOLUTE (__PWMSecSpEventMatchInterrupt):ABSOLUTE (__DefaultInterrupt)
                  0x002139          0x2 SHORT 0x4
                  0x00213a          0x2 SHORT 0x0 DEFINED (__PWMSecSpEventMatchInterrupt)?((ABSOLUTE (__PWMSecSpEventMatchInterrupt) >> 0x10) & 0x7f):((ABSOLUTE (__DefaultInterrupt) >> 0x10) & 0x7f)
                  0x00213b          0x2 SHORT 0x0
                  0x00213c          0x2 SHORT 0x3e1e DEFINED (__QEI2Interrupt)?ABSOLUTE (__QEI2Interrupt):ABSOLUTE (__DefaultInterrupt)
                  0x00213d          0x2 SHORT 0x4
                  0x00213e          0x2 SHORT 0x0 DEFINED (__QEI2Interrupt)?((ABSOLUTE (__QEI2Interrupt) >> 0x10) & 0x7f):((ABSOLUTE (__DefaultInterrupt) >> 0x10) & 0x7f)
                  0x00213f          0x2 SHORT 0x0
                  0x002140          0x2 SHORT 0x3e1e DEFINED (__U3ErrInterrupt)?ABSOLUTE (__U3ErrInterrupt):ABSOLUTE (__DefaultInterrupt)
                  0x002141          0x2 SHORT 0x4
                  0x002142          0x2 SHORT 0x0 DEFINED (__U3ErrInterrupt)?((ABSOLUTE (__U3ErrInterrupt) >> 0x10) & 0x7f):((ABSOLUTE (__DefaultInterrupt) >> 0x10) & 0x7f)
                  0x002143          0x2 SHORT 0x0
                  0x002144          0x2 SHORT 0x36c2 DEFINED (__U3RXInterrupt)?ABSOLUTE (__U3RXInterrupt):ABSOLUTE (__DefaultInterrupt)
                  0x002145          0x2 SHORT 0x4
                  0x002146          0x2 SHORT 0x0 DEFINED (__U3RXInterrupt)?((ABSOLUTE (__U3RXInterrupt) >> 0x10) & 0x7f):((ABSOLUTE (__DefaultInterrupt) >> 0x10) & 0x7f)
                  0x002147          0x2 SHORT 0x0
                  0x002148          0x2 SHORT 0x3674 DEFINED (__U3TXInterrupt)?ABSOLUTE (__U3TXInterrupt):ABSOLUTE (__DefaultInterrupt)
                  0x002149          0x2 SHORT 0x4
                  0x00214a          0x2 SHORT 0x0 DEFINED (__U3TXInterrupt)?((ABSOLUTE (__U3TXInterrupt) >> 0x10) & 0x7f):((ABSOLUTE (__DefaultInterrupt) >> 0x10) & 0x7f)
                  0x00214b          0x2 SHORT 0x0
                  0x00214c          0x2 SHORT 0x3e1e DEFINED (__USB1Interrupt)?ABSOLUTE (__USB1Interrupt):ABSOLUTE (__DefaultInterrupt)
                  0x00214d          0x2 SHORT 0x4
                  0x00214e          0x2 SHORT 0x0 DEFINED (__USB1Interrupt)?((ABSOLUTE (__USB1Interrupt) >> 0x10) & 0x7f):((ABSOLUTE (__DefaultInterrupt) >> 0x10) & 0x7f)
                  0x00214f          0x2 SHORT 0x0
                  0x002150          0x2 SHORT 0x3e1e DEFINED (__U4ErrInterrupt)?ABSOLUTE (__U4ErrInterrupt):ABSOLUTE (__DefaultInterrupt)
                  0x002151          0x2 SHORT 0x4
                  0x002152          0x2 SHORT 0x0 DEFINED (__U4ErrInterrupt)?((ABSOLUTE (__U4ErrInterrupt) >> 0x10) & 0x7f):((ABSOLUTE (__DefaultInterrupt) >> 0x10) & 0x7f)
                  0x002153          0x2 SHORT 0x0
                  0x002154          0x2 SHORT 0x3acc DEFINED (__U4RXInterrupt)?ABSOLUTE (__U4RXInterrupt):ABSOLUTE (__DefaultInterrupt)
                  0x002155          0x2 SHORT 0x4
                  0x002156          0x2 SHORT 0x0 DEFINED (__U4RXInterrupt)?((ABSOLUTE (__U4RXInterrupt) >> 0x10) & 0x7f):((ABSOLUTE (__DefaultInterrupt) >> 0x10) & 0x7f)
                  0x002157          0x2 SHORT 0x0
                  0x002158          0x2 SHORT 0x3a58 DEFINED (__U4TXInterrupt)?ABSOLUTE (__U4TXInterrupt):ABSOLUTE (__DefaultInterrupt)
                  0x002159          0x2 SHORT 0x4
                  0x00215a          0x2 SHORT 0x0 DEFINED (__U4TXInterrupt)?((ABSOLUTE (__U4TXInterrupt) >> 0x10) & 0x7f):((ABSOLUTE (__DefaultInterrupt) >> 0x10) & 0x7f)
                  0x00215b          0x2 SHORT 0x0
                  0x00215c          0x2 SHORT 0x3e1e DEFINED (__SPI3ErrInterrupt)?ABSOLUTE (__SPI3ErrInterrupt):ABSOLUTE (__DefaultInterrupt)
                  0x00215d          0x2 SHORT 0x4
                  0x00215e          0x2 SHORT 0x0 DEFINED (__SPI3ErrInterrupt)?((ABSOLUTE (__SPI3ErrInterrupt) >> 0x10) & 0x7f):((ABSOLUTE (__DefaultInterrupt) >> 0x10) & 0x7f)
                  0x00215f          0x2 SHORT 0x0
                  0x002160          0x2 SHORT 0x388c DEFINED (__SPI3Interrupt)?ABSOLUTE (__SPI3Interrupt):ABSOLUTE (__DefaultInterrupt)
                  0x002161          0x2 SHORT 0x4
                  0x002162          0x2 SHORT 0x0 DEFINED (__SPI3Interrupt)?((ABSOLUTE (__SPI3Interrupt) >> 0x10) & 0x7f):((ABSOLUTE (__DefaultInterrupt) >> 0x10) & 0x7f)
                  0x002163          0x2 SHORT 0x0
                  0x002164          0x2 SHORT 0x3e1e DEFINED (__OC9Interrupt)?ABSOLUTE (__OC9Interrupt):ABSOLUTE (__DefaultInterrupt)
                  0x002165          0x2 SHORT 0x4
                  0x002166          0x2 SHORT 0x0 DEFINED (__OC9Interrupt)?((ABSOLUTE (__OC9Interrupt) >> 0x10) & 0x7f):((ABSOLUTE (__DefaultInterrupt) >> 0x10) & 0x7f)
                  0x002167          0x2 SHORT 0x0
                  0x002168          0x2 SHORT 0x3e1e DEFINED (__IC9Interrupt)?ABSOLUTE (__IC9Interrupt):ABSOLUTE (__DefaultInterrupt)
                  0x002169          0x2 SHORT 0x4
                  0x00216a          0x2 SHORT 0x0 DEFINED (__IC9Interrupt)?((ABSOLUTE (__IC9Interrupt) >> 0x10) & 0x7f):((ABSOLUTE (__DefaultInterrupt) >> 0x10) & 0x7f)
                  0x00216b          0x2 SHORT 0x0
                  0x00216c          0x2 SHORT 0x3e1e DEFINED (__PWM1Interrupt)?ABSOLUTE (__PWM1Interrupt):ABSOLUTE (__DefaultInterrupt)
                  0x00216d          0x2 SHORT 0x4
                  0x00216e          0x2 SHORT 0x0 DEFINED (__PWM1Interrupt)?((ABSOLUTE (__PWM1Interrupt) >> 0x10) & 0x7f):((ABSOLUTE (__DefaultInterrupt) >> 0x10) & 0x7f)
                  0x00216f          0x2 SHORT 0x0
                  0x002170          0x2 SHORT 0x3e1e DEFINED (__PWM2Interrupt)?ABSOLUTE (__PWM2Interrupt):ABSOLUTE (__DefaultInterrupt)
                  0x002171          0x2 SHORT 0x4
                  0x002172          0x2 SHORT 0x0 DEFINED (__PWM2Interrupt)?((ABSOLUTE (__PWM2Interrupt) >> 0x10) & 0x7f):((ABSOLUTE (__DefaultInterrupt) >> 0x10) & 0x7f)
                  0x002173          0x2 SHORT 0x0
                  0x002174          0x2 SHORT 0x3e1e DEFINED (__PWM3Interrupt)?ABSOLUTE (__PWM3Interrupt):ABSOLUTE (__DefaultInterrupt)
                  0x002175          0x2 SHORT 0x4
                  0x002176          0x2 SHORT 0x0 DEFINED (__PWM3Interrupt)?((ABSOLUTE (__PWM3Interrupt) >> 0x10) & 0x7f):((ABSOLUTE (__DefaultInterrupt) >> 0x10) & 0x7f)
                  0x002177          0x2 SHORT 0x0
                  0x002178          0x2 SHORT 0x3e1e DEFINED (__PWM4Interrupt)?ABSOLUTE (__PWM4Interrupt):ABSOLUTE (__DefaultInterrupt)
                  0x002179          0x2 SHORT 0x4
                  0x00217a          0x2 SHORT 0x0 DEFINED (__PWM4Interrupt)?((ABSOLUTE (__PWM4Interrupt) >> 0x10) & 0x7f):((ABSOLUTE (__DefaultInterrupt) >> 0x10) & 0x7f)
                  0x00217b          0x2 SHORT 0x0
                  0x00217c          0x2 SHORT 0x3e1e DEFINED (__PWM5Interrupt)?ABSOLUTE (__PWM5Interrupt):ABSOLUTE (__DefaultInterrupt)
                  0x00217d          0x2 SHORT 0x4
                  0x00217e          0x2 SHORT 0x0 DEFINED (__PWM5Interrupt)?((ABSOLUTE (__PWM5Interrupt) >> 0x10) & 0x7f):((ABSOLUTE (__DefaultInterrupt) >> 0x10) & 0x7f)
                  0x00217f          0x2 SHORT 0x0
                  0x002180          0x2 SHORT 0x3e1e DEFINED (__PWM6Interrupt)?ABSOLUTE (__PWM6Interrupt):ABSOLUTE (__DefaultInterrupt)
                  0x002181          0x2 SHORT 0x4
                  0x002182          0x2 SHORT 0x0 DEFINED (__PWM6Interrupt)?((ABSOLUTE (__PWM6Interrupt) >> 0x10) & 0x7f):((ABSOLUTE (__DefaultInterrupt) >> 0x10) & 0x7f)
                  0x002183          0x2 SHORT 0x0
                  0x002184          0x2 SHORT 0x3e1e DEFINED (__DMA8Interrupt)?ABSOLUTE (__DMA8Interrupt):ABSOLUTE (__DefaultInterrupt)
                  0x002185          0x2 SHORT 0x4
                  0x002186          0x2 SHORT 0x0 DEFINED (__DMA8Interrupt)?((ABSOLUTE (__DMA8Interrupt) >> 0x10) & 0x7f):((ABSOLUTE (__DefaultInterrupt) >> 0x10) & 0x7f)
                  0x002187          0x2 SHORT 0x0
                  0x002188          0x2 SHORT 0x3e1e DEFINED (__DMA9Interrupt)?ABSOLUTE (__DMA9Interrupt):ABSOLUTE (__DefaultInterrupt)
                  0x002189          0x2 SHORT 0x4
                  0x00218a          0x2 SHORT 0x0 DEFINED (__DMA9Interrupt)?((ABSOLUTE (__DMA9Interrupt) >> 0x10) & 0x7f):((ABSOLUTE (__DefaultInterrupt) >> 0x10) & 0x7f)
                  0x00218b          0x2 SHORT 0x0
                  0x00218c          0x2 SHORT 0x3e1e DEFINED (__DMA10Interrupt)?ABSOLUTE (__DMA10Interrupt):ABSOLUTE (__DefaultInterrupt)
                  0x00218d          0x2 SHORT 0x4
                  0x00218e          0x2 SHORT 0x0 DEFINED (__DMA10Interrupt)?((ABSOLUTE (__DMA10Interrupt) >> 0x10) & 0x7f):((ABSOLUTE (__DefaultInterrupt) >> 0x10) & 0x7f)
                  0x00218f          0x2 SHORT 0x0
                  0x002190          0x2 SHORT 0x3e1e DEFINED (__DMA11Interrupt)?ABSOLUTE (__DMA11Interrupt):ABSOLUTE (__DefaultInterrupt)
                  0x002191          0x2 SHORT 0x4
                  0x002192          0x2 SHORT 0x0 DEFINED (__DMA11Interrupt)?((ABSOLUTE (__DMA11Interrupt) >> 0x10) & 0x7f):((ABSOLUTE (__DefaultInterrupt) >> 0x10) & 0x7f)
                  0x002193          0x2 SHORT 0x0
                  0x002194          0x2 SHORT 0x3e1e DEFINED (__SPI4ErrInterrupt)?ABSOLUTE (__SPI4ErrInterrupt):ABSOLUTE (__DefaultInterrupt)
                  0x002195          0x2 SHORT 0x4
                  0x002196          0x2 SHORT 0x0 DEFINED (__SPI4ErrInterrupt)?((ABSOLUTE (__SPI4ErrInterrupt) >> 0x10) & 0x7f):((ABSOLUTE (__DefaultInterrupt) >> 0x10) & 0x7f)
                  0x002197          0x2 SHORT 0x0
                  0x002198          0x2 SHORT 0x3844 DEFINED (__SPI4Interrupt)?ABSOLUTE (__SPI4Interrupt):ABSOLUTE (__DefaultInterrupt)
                  0x002199          0x2 SHORT 0x4
                  0x00219a          0x2 SHORT 0x0 DEFINED (__SPI4Interrupt)?((ABSOLUTE (__SPI4Interrupt) >> 0x10) & 0x7f):((ABSOLUTE (__DefaultInterrupt) >> 0x10) & 0x7f)
                  0x00219b          0x2 SHORT 0x0
                  0x00219c          0x2 SHORT 0x3e1e DEFINED (__OC10Interrupt)?ABSOLUTE (__OC10Interrupt):ABSOLUTE (__DefaultInterrupt)
                  0x00219d          0x2 SHORT 0x4
                  0x00219e          0x2 SHORT 0x0 DEFINED (__OC10Interrupt)?((ABSOLUTE (__OC10Interrupt) >> 0x10) & 0x7f):((ABSOLUTE (__DefaultInterrupt) >> 0x10) & 0x7f)
                  0x00219f          0x2 SHORT 0x0
                  0x0021a0          0x2 SHORT 0x3e1e DEFINED (__IC10Interrupt)?ABSOLUTE (__IC10Interrupt):ABSOLUTE (__DefaultInterrupt)
                  0x0021a1          0x2 SHORT 0x4
                  0x0021a2          0x2 SHORT 0x0 DEFINED (__IC10Interrupt)?((ABSOLUTE (__IC10Interrupt) >> 0x10) & 0x7f):((ABSOLUTE (__DefaultInterrupt) >> 0x10) & 0x7f)
                  0x0021a3          0x2 SHORT 0x0
                  0x0021a4          0x2 SHORT 0x3e1e DEFINED (__OC11Interrupt)?ABSOLUTE (__OC11Interrupt):ABSOLUTE (__DefaultInterrupt)
                  0x0021a5          0x2 SHORT 0x4
                  0x0021a6          0x2 SHORT 0x0 DEFINED (__OC11Interrupt)?((ABSOLUTE (__OC11Interrupt) >> 0x10) & 0x7f):((ABSOLUTE (__DefaultInterrupt) >> 0x10) & 0x7f)
                  0x0021a7          0x2 SHORT 0x0
                  0x0021a8          0x2 SHORT 0x3e1e DEFINED (__IC11Interrupt)?ABSOLUTE (__IC11Interrupt):ABSOLUTE (__DefaultInterrupt)
                  0x0021a9          0x2 SHORT 0x4
                  0x0021aa          0x2 SHORT 0x0 DEFINED (__IC11Interrupt)?((ABSOLUTE (__IC11Interrupt) >> 0x10) & 0x7f):((ABSOLUTE (__DefaultInterrupt) >> 0x10) & 0x7f)
                  0x0021ab          0x2 SHORT 0x0
                  0x0021ac          0x2 SHORT 0x3e1e DEFINED (__OC12Interrupt)?ABSOLUTE (__OC12Interrupt):ABSOLUTE (__DefaultInterrupt)
                  0x0021ad          0x2 SHORT 0x4
                  0x0021ae          0x2 SHORT 0x0 DEFINED (__OC12Interrupt)?((ABSOLUTE (__OC12Interrupt) >> 0x10) & 0x7f):((ABSOLUTE (__DefaultInterrupt) >> 0x10) & 0x7f)
                  0x0021af          0x2 SHORT 0x0
                  0x0021b0          0x2 SHORT 0x3e1e DEFINED (__IC12Interrupt)?ABSOLUTE (__IC12Interrupt):ABSOLUTE (__DefaultInterrupt)
                  0x0021b1          0x2 SHORT 0x4
                  0x0021b2          0x2 SHORT 0x0 DEFINED (__IC12Interrupt)?((ABSOLUTE (__IC12Interrupt) >> 0x10) & 0x7f):((ABSOLUTE (__DefaultInterrupt) >> 0x10) & 0x7f)
                  0x0021b3          0x2 SHORT 0x0
                  0x0021b4          0x2 SHORT 0x3e1e DEFINED (__DMA12Interrupt)?ABSOLUTE (__DMA12Interrupt):ABSOLUTE (__DefaultInterrupt)
                  0x0021b5          0x2 SHORT 0x4
                  0x0021b6          0x2 SHORT 0x0 DEFINED (__DMA12Interrupt)?((ABSOLUTE (__DMA12Interrupt) >> 0x10) & 0x7f):((ABSOLUTE (__DefaultInterrupt) >> 0x10) & 0x7f)
                  0x0021b7          0x2 SHORT 0x0
                  0x0021b8          0x2 SHORT 0x3e1e DEFINED (__DMA13Interrupt)?ABSOLUTE (__DMA13Interrupt):ABSOLUTE (__DefaultInterrupt)
                  0x0021b9          0x2 SHORT 0x4
                  0x0021ba          0x2 SHORT 0x0 DEFINED (__DMA13Interrupt)?((ABSOLUTE (__DMA13Interrupt) >> 0x10) & 0x7f):((ABSOLUTE (__DefaultInterrupt) >> 0x10) & 0x7f)
                  0x0021bb          0x2 SHORT 0x0
                  0x0021bc          0x2 SHORT 0x3e1e DEFINED (__DMA14Interrupt)?ABSOLUTE (__DMA14Interrupt):ABSOLUTE (__DefaultInterrupt)
                  0x0021bd          0x2 SHORT 0x4
                  0x0021be          0x2 SHORT 0x0 DEFINED (__DMA14Interrupt)?((ABSOLUTE (__DMA14Interrupt) >> 0x10) & 0x7f):((ABSOLUTE (__DefaultInterrupt) >> 0x10) & 0x7f)
                  0x0021bf          0x2 SHORT 0x0
                  0x0021c0          0x2 SHORT 0x3e1e DEFINED (__OC13Interrupt)?ABSOLUTE (__OC13Interrupt):ABSOLUTE (__DefaultInterrupt)
                  0x0021c1          0x2 SHORT 0x4
                  0x0021c2          0x2 SHORT 0x0 DEFINED (__OC13Interrupt)?((ABSOLUTE (__OC13Interrupt) >> 0x10) & 0x7f):((ABSOLUTE (__DefaultInterrupt) >> 0x10) & 0x7f)
                  0x0021c3          0x2 SHORT 0x0
                  0x0021c4          0x2 SHORT 0x3e1e DEFINED (__IC13Interrupt)?ABSOLUTE (__IC13Interrupt):ABSOLUTE (__DefaultInterrupt)
                  0x0021c5          0x2 SHORT 0x4
                  0x0021c6          0x2 SHORT 0x0 DEFINED (__IC13Interrupt)?((ABSOLUTE (__IC13Interrupt) >> 0x10) & 0x7f):((ABSOLUTE (__DefaultInterrupt) >> 0x10) & 0x7f)
                  0x0021c7          0x2 SHORT 0x0
                  0x0021c8          0x2 SHORT 0x3e1e DEFINED (__OC14Interrupt)?ABSOLUTE (__OC14Interrupt):ABSOLUTE (__DefaultInterrupt)
                  0x0021c9          0x2 SHORT 0x4
                  0x0021ca          0x2 SHORT 0x0 DEFINED (__OC14Interrupt)?((ABSOLUTE (__OC14Interrupt) >> 0x10) & 0x7f):((ABSOLUTE (__DefaultInterrupt) >> 0x10) & 0x7f)
                  0x0021cb          0x2 SHORT 0x0
                  0x0021cc          0x2 SHORT 0x3e1e DEFINED (__IC14Interrupt)?ABSOLUTE (__IC14Interrupt):ABSOLUTE (__DefaultInterrupt)
                  0x0021cd          0x2 SHORT 0x4
                  0x0021ce          0x2 SHORT 0x0 DEFINED (__IC14Interrupt)?((ABSOLUTE (__IC14Interrupt) >> 0x10) & 0x7f):((ABSOLUTE (__DefaultInterrupt) >> 0x10) & 0x7f)
                  0x0021cf          0x2 SHORT 0x0
                  0x0021d0          0x2 SHORT 0x3e1e DEFINED (__OC15Interrupt)?ABSOLUTE (__OC15Interrupt):ABSOLUTE (__DefaultInterrupt)
                  0x0021d1          0x2 SHORT 0x4
                  0x0021d2          0x2 SHORT 0x0 DEFINED (__OC15Interrupt)?((ABSOLUTE (__OC15Interrupt) >> 0x10) & 0x7f):((ABSOLUTE (__DefaultInterrupt) >> 0x10) & 0x7f)
                  0x0021d3          0x2 SHORT 0x0
                  0x0021d4          0x2 SHORT 0x3e1e DEFINED (__IC15Interrupt)?ABSOLUTE (__IC15Interrupt):ABSOLUTE (__DefaultInterrupt)
                  0x0021d5          0x2 SHORT 0x4
                  0x0021d6          0x2 SHORT 0x0 DEFINED (__IC15Interrupt)?((ABSOLUTE (__IC15Interrupt) >> 0x10) & 0x7f):((ABSOLUTE (__DefaultInterrupt) >> 0x10) & 0x7f)
                  0x0021d7          0x2 SHORT 0x0
                  0x0021d8          0x2 SHORT 0x3e1e DEFINED (__OC16Interrupt)?ABSOLUTE (__OC16Interrupt):ABSOLUTE (__DefaultInterrupt)
                  0x0021d9          0x2 SHORT 0x4
                  0x0021da          0x2 SHORT 0x0 DEFINED (__OC16Interrupt)?((ABSOLUTE (__OC16Interrupt) >> 0x10) & 0x7f):((ABSOLUTE (__DefaultInterrupt) >> 0x10) & 0x7f)
                  0x0021db          0x2 SHORT 0x0
                  0x0021dc          0x2 SHORT 0x3e1e DEFINED (__IC16Interrupt)?ABSOLUTE (__IC16Interrupt):ABSOLUTE (__DefaultInterrupt)
                  0x0021dd          0x2 SHORT 0x4
                  0x0021de          0x2 SHORT 0x0 DEFINED (__IC16Interrupt)?((ABSOLUTE (__IC16Interrupt) >> 0x10) & 0x7f):((ABSOLUTE (__DefaultInterrupt) >> 0x10) & 0x7f)
                  0x0021df          0x2 SHORT 0x0
                  0x0021e0          0x2 SHORT 0x3e1e DEFINED (__ICDInterrupt)?ABSOLUTE (__ICDInterrupt):ABSOLUTE (__DefaultInterrupt)
                  0x0021e1          0x2 SHORT 0x4
                  0x0021e2          0x2 SHORT 0x0 DEFINED (__ICDInterrupt)?((ABSOLUTE (__ICDInterrupt) >> 0x10) & 0x7f):((ABSOLUTE (__DefaultInterrupt) >> 0x10) & 0x7f)
                  0x0021e3          0x2 SHORT 0x0
                  0x0021e4          0x2 SHORT 0x3e1e DEFINED (__JTAGInterrupt)?ABSOLUTE (__JTAGInterrupt):ABSOLUTE (__DefaultInterrupt)
                  0x0021e5          0x2 SHORT 0x4
                  0x0021e6          0x2 SHORT 0x0 DEFINED (__JTAGInterrupt)?((ABSOLUTE (__JTAGInterrupt) >> 0x10) & 0x7f):((ABSOLUTE (__DefaultInterrupt) >> 0x10) & 0x7f)
                  0x0021e7          0x2 SHORT 0x0
                  0x0021e8                  __DEFAULT_VECTOR = .
                  0x0021e8          0x2 SHORT 0x3e1e ABSOLUTE (__DefaultInterrupt)
                  0x0021e9          0x2 SHORT 0x4
                  0x0021ea          0x2 SHORT 0x0 ((ABSOLUTE (__DefaultInterrupt) >> 0x10) & 0x7f)
                  0x0021eb          0x2 SHORT 0x0

.ivt              0x000004        0x130
                  0x000004          0x4 LONG 0x2004 (ABSOLUTE (__APP_IVT_BASE) + 0x4)
                  0x000006          0x4 LONG 0x2008 (ABSOLUTE (__APP_IVT_BASE) + 0x8)
                  0x000008          0x4 LONG 0x200c (ABSOLUTE (__APP_IVT_BASE) + 0xc)
                  0x00000a          0x4 LONG 0x2010 (ABSOLUTE (__APP_IVT_BASE) + 0x10)
                  0x00000c          0x4 LONG 0x2014 (ABSOLUTE (__APP_IVT_BASE) + 0x14)
                  0x00000e          0x4 LONG 0x2018 (ABSOLUTE (__APP_IVT_BASE) + 0x18)
                  0x000010          0x4 LONG 0x201c (ABSOLUTE (__APP_IVT_BASE) + 0x1c)
                  0x000012          0x4 LONG 0x21e8 ABSOLUTE (__DEFAULT_VECTOR)
                  0x000014          0x4 LONG 0x2020 (ABSOLUTE (__APP_IVT_BASE) + 0x20)
                  0x000016          0x4 LONG 0x2024 (ABSOLUTE (__APP_IVT_BASE) + 0x24)
                  0x000018          0x4 LONG 0x2028 (ABSOLUTE (__APP_IVT_BASE) + 0x28)
                  0x00001a          0x4 LONG 0x202c (ABSOLUTE (__APP_IVT_BASE) + 0x2c)
                  0x00001c          0x4 LONG 0x2030 (ABSOLUTE (__APP_IVT_BASE) + 0x30)
                  0x00001e          0x4 LONG 0x2034 (ABSOLUTE (__APP_IVT_BASE) + 0x34)
                  0x000020          0x4 LONG 0x2038 (ABSOLUTE (__APP_IVT_BASE) + 0x38)
                  0x000022          0x4 LONG 0x203c (ABSOLUTE (__APP_IVT_BASE) + 0x3c)
                  0x000024          0x4 LONG 0x2040 (ABSOLUTE (__APP_IVT_BASE) + 0x40)
                  0x000026          0x4 LONG 0x2044 (ABSOLUTE (__APP_IVT_BASE) + 0x44)
                  0x000028          0x4 LONG 0x2048 (ABSOLUTE (__APP_IVT_BASE) + 0x48)
                  0x00002a          0x4 LONG 0x204c (ABSOLUTE (__APP_IVT_BASE) + 0x4c)
                  0x00002c          0x4 LONG 0x2050 (ABSOLUTE (__APP_IVT_BASE) + 0x50)
                  0x00002e          0x4 LONG 0x2054 (ABSOLUTE (__APP_IVT_BASE) + 0x54)
                  0x000030          0x4 LONG 0x2058 (ABSOLUTE (__APP_IVT_BASE) + 0x58)
                  0x000032          0x4 LONG 0x205c (ABSOLUTE (__APP_IVT_BASE) + 0x5c)
                  0x000034          0x4 LONG 0x2060 (ABSOLUTE (__APP_IVT_BASE) + 0x60)
                  0x000036          0x4 LONG 0x2064 (ABSOLUTE (__APP_IVT_BASE) + 0x64)
                  0x000038          0x4 LONG 0x2068 (ABSOLUTE (__APP_IVT_BASE) + 0x68)
                  0x00003a          0x4 LONG 0x206c (ABSOLUTE (__APP_IVT_BASE) + 0x6c)
                  0x00003c          0x4 LONG 0x2070 (ABSOLUTE (__APP_IVT_BASE) + 0x70)
                  0x00003e          0x4 LONG 0x2074 (ABSOLUTE (__APP_IVT_BASE) + 0x74)
                  0x000040          0x4 LONG 0x2078 (ABSOLUTE (__APP_IVT_BASE) + 0x78)
                  0x000042          0x4 LONG 0x207c (ABSOLUTE (__APP_IVT_BASE) + 0x7c)
                  0x000044          0x4 LONG 0x2080 (ABSOLUTE (__APP_IVT_BASE) + 0x80)
                  0x000046          0x4 LONG 0x2084 (ABSOLUTE (__APP_IVT_BASE) + 0x84)
                  0x000048          0x4 LONG 0x2088 (ABSOLUTE (__APP_IVT_BASE) + 0x88)
                  0x00004a          0x4 LONG 0x208c (ABSOLUTE (__APP_IVT_BASE) + 0x8c)
                  0x00004c          0x4 LONG 0x2090 (ABSOLUTE (__APP_IVT_BASE) + 0x90)
                  0x00004e          0x4 LONG 0x2094 (ABSOLUTE (__APP_IVT_BASE) + 0x94)
                  0x000050          0x4 LONG 0x2098 (ABSOLUTE (__APP_IVT_BASE) + 0x98)
                  0x000052          0x4 LONG 0x209c (ABSOLUTE (__APP_IVT_BASE) + 0x9c)
                  0x000054          0x4 LONG 0x20a0 (ABSOLUTE (__APP_IVT_BASE) + 0xa0)
                  0x000056          0x4 LONG 0x20a4 (ABSOLUTE (__APP_IVT_BASE) + 0xa4)
                  0x000058          0x4 LONG 0x20a8 (ABSOLUTE (__APP_IVT_BASE) + 0xa8)
                  0x00005a          0x4 LONG 0x20ac (ABSOLUTE (__APP_IVT_BASE) + 0xac)
                  0x00005c          0x4 LONG 0x20b0 (ABSOLUTE (__APP_IVT_BASE) + 0xb0)
                  0x00005e          0x4 LONG 0x20b4 (ABSOLUTE (__APP_IVT_BASE) + 0xb4)
                  0x000060          0x4 LONG 0x20b8 (ABSOLUTE (__APP_IVT_BASE) + 0xb8)
                  0x000062          0x4 LONG 0x20bc (ABSOLUTE (__APP_IVT_BASE) + 0xbc)
                  0x000064          0x4 LONG 0x20c0 (ABSOLUTE (__APP_IVT_BASE) + 0xc0)
                  0x000066          0x4 LONG 0x20c4 (ABSOLUTE (__APP_IVT_BASE) + 0xc4)
                  0x000068          0x4 LONG 0x20c8 (ABSOLUTE (__APP_IVT_BASE) + 0xc8)
                  0x00006a          0x4 LONG 0x20cc (ABSOLUTE (__APP_IVT_BASE) + 0xcc)
                  0x00006c          0x4 LONG 0x20d0 (ABSOLUTE (__APP_IVT_BASE) + 0xd0)
                  0x00006e          0x4 LONG 0x20d4 (ABSOLUTE (__APP_IVT_BASE) + 0xd4)
                  0x000070          0x4 LONG 0x20d8 (ABSOLUTE (__APP_IVT_BASE) + 0xd8)
                  0x000072          0x4 LONG 0x20dc (ABSOLUTE (__APP_IVT_BASE) + 0xdc)
                  0x000074          0x4 LONG 0x20e0 (ABSOLUTE (__APP_IVT_BASE) + 0xe0)
                  0x000076          0x4 LONG 0x20e4 (ABSOLUTE (__APP_IVT_BASE) + 0xe4)
                  0x000078          0x4 LONG 0x20e8 (ABSOLUTE (__APP_IVT_BASE) + 0xe8)
                  0x00007a          0x4 LONG 0x20ec (ABSOLUTE (__APP_IVT_BASE) + 0xec)
                  0x00007c          0x4 LONG 0x20f0 (ABSOLUTE (__APP_IVT_BASE) + 0xf0)
                  0x00007e          0x4 LONG 0x20f4 (ABSOLUTE (__APP_IVT_BASE) + 0xf4)
                  0x000080          0x4 LONG 0x20f8 (ABSOLUTE (__APP_IVT_BASE) + 0xf8)
                  0x000082          0x4 LONG 0x20fc (ABSOLUTE (__APP_IVT_BASE) + 0xfc)
                  0x000084          0x4 LONG 0x2100 (ABSOLUTE (__APP_IVT_BASE) + 0x100)
                  0x000086          0x4 LONG 0x2104 (ABSOLUTE (__APP_IVT_BASE) + 0x104)
                  0x000088          0x4 LONG 0x2108 (ABSOLUTE (__APP_IVT_BASE) + 0x108)
                  0x00008a          0x4 LONG 0x210c (ABSOLUTE (__APP_IVT_BASE) + 0x10c)
                  0x00008c          0x4 LONG 0x2110 (ABSOLUTE (__APP_IVT_BASE) + 0x110)
                  0x00008e          0x4 LONG 0x2114 (ABSOLUTE (__APP_IVT_BASE) + 0x114)
                  0x000090          0x4 LONG 0x2118 (ABSOLUTE (__APP_IVT_BASE) + 0x118)
                  0x000092          0x4 LONG 0x21e8 ABSOLUTE (__DEFAULT_VECTOR)
                  0x000094          0x4 LONG 0x21e8 ABSOLUTE (__DEFAULT_VECTOR)
                  0x000096          0x4 LONG 0x211c (ABSOLUTE (__APP_IVT_BASE) + 0x11c)
                  0x000098          0x4 LONG 0x2120 (ABSOLUTE (__APP_IVT_BASE) + 0x120)
                  0x00009a          0x4 LONG 0x2124 (ABSOLUTE (__APP_IVT_BASE) + 0x124)
                  0x00009c          0x4 LONG 0x2128 (ABSOLUTE (__APP_IVT_BASE) + 0x128)
                  0x00009e          0x4 LONG 0x212c (ABSOLUTE (__APP_IVT_BASE) + 0x12c)
                  0x0000a0          0x4 LONG 0x2130 (ABSOLUTE (__APP_IVT_BASE) + 0x130)
                  0x0000a2          0x4 LONG 0x2134 (ABSOLUTE (__APP_IVT_BASE) + 0x134)
                  0x0000a4          0x4 LONG 0x21e8 ABSOLUTE (__DEFAULT_VECTOR)
                  0x0000a6          0x4 LONG 0x2138 (ABSOLUTE (__APP_IVT_BASE) + 0x138)
                  0x0000a8          0x4 LONG 0x21e8 ABSOLUTE (__DEFAULT_VECTOR)
                  0x0000aa          0x4 LONG 0x213c (ABSOLUTE (__APP_IVT_BASE) + 0x13c)
                  0x0000ac          0x4 LONG 0x21e8 ABSOLUTE (__DEFAULT_VECTOR)
                  0x0000ae          0x4 LONG 0x21e8 ABSOLUTE (__DEFAULT_VECTOR)
                  0x0000b0          0x4 LONG 0x21e8 ABSOLUTE (__DEFAULT_VECTOR)
                  0x0000b2          0x4 LONG 0x21e8 ABSOLUTE (__DEFAULT_VECTOR)
                  0x0000b4          0x4 LONG 0x21e8 ABSOLUTE (__DEFAULT_VECTOR)
                  0x0000b6          0x4 LONG 0x2140 (ABSOLUTE (__APP_IVT_BASE) + 0x140)
                  0x0000b8          0x4 LONG 0x2144 (ABSOLUTE (__APP_IVT_BASE) + 0x144)
                  0x0000ba          0x4 LONG 0x2148 (ABSOLUTE (__APP_IVT_BASE) + 0x148)
                  0x0000bc          0x4 LONG 0x21e8 ABSOLUTE (__DEFAULT_VECTOR)
                  0x0000be          0x4 LONG 0x21e8 ABSOLUTE (__DEFAULT_VECTOR)
                  0x0000c0          0x4 LONG 0x214c (ABSOLUTE (__APP_IVT_BASE) + 0x14c)
                  0x0000c2          0x4 LONG 0x2150 (ABSOLUTE (__APP_IVT_BASE) + 0x150)
                  0x0000c4          0x4 LONG 0x2154 (ABSOLUTE (__APP_IVT_BASE) + 0x154)
                  0x0000c6          0x4 LONG 0x2158 (ABSOLUTE (__APP_IVT_BASE) + 0x158)
                  0x0000c8          0x4 LONG 0x215c (ABSOLUTE (__APP_IVT_BASE) + 0x15c)
                  0x0000ca          0x4 LONG 0x2160 (ABSOLUTE (__APP_IVT_BASE) + 0x160)
                  0x0000cc          0x4 LONG 0x2164 (ABSOLUTE (__APP_IVT_BASE) + 0x164)
                  0x0000ce          0x4 LONG 0x2168 (ABSOLUTE (__APP_IVT_BASE) + 0x168)
                  0x0000d0          0x4 LONG 0x216c (ABSOLUTE (__APP_IVT_BASE) + 0x16c)
                  0x0000d2          0x4 LONG 0x2170 (ABSOLUTE (__APP_IVT_BASE) + 0x170)
                  0x0000d4          0x4 LONG 0x2174 (ABSOLUTE (__APP_IVT_BASE) + 0x174)
                  0x0000d6          0x4 LONG 0x2178 (ABSOLUTE (__APP_IVT_BASE) + 0x178)
                  0x0000d8          0x4 LONG 0x217c (ABSOLUTE (__APP_IVT_BASE) + 0x17c)
                  0x0000da          0x4 LONG 0x2180 (ABSOLUTE (__APP_IVT_BASE) + 0x180)
                  0x0000dc          0x4 LONG 0x21e8 ABSOLUTE (__DEFAULT_VECTOR)
                  0x0000de          0x4 LONG 0x21e8 ABSOLUTE (__DEFAULT_VECTOR)
                  0x0000e0          0x4 LONG 0x21e8 ABSOLUTE (__DEFAULT_VECTOR)
                  0x0000e2          0x4 LONG 0x21e8 ABSOLUTE (__DEFAULT_VECTOR)
                  0x0000e4          0x4 LONG 0x21e8 ABSOLUTE (__DEFAULT_VECTOR)
                  0x0000e6          0x4 LONG 0x21e8 ABSOLUTE (__DEFAULT_VECTOR)
                  0x0000e8          0x4 LONG 0x21e8 ABSOLUTE (__DEFAULT_VECTOR)
                  0x0000ea          0x4 LONG 0x21e8 ABSOLUTE (__DEFAULT_VECTOR)
                  0x0000ec          0x4 LONG 0x21e8 ABSOLUTE (__DEFAULT_VECTOR)
                  0x0000ee          0x4 LONG 0x21e8 ABSOLUTE (__DEFAULT_VECTOR)
                  0x0000f0          0x4 LONG 0x21e8 ABSOLUTE (__DEFAULT_VECTOR)
                  0x0000f2          0x4 LONG 0x21e8 ABSOLUTE (__DEFAULT_VECTOR)
                  0x0000f4          0x4 LONG 0x21e8 ABSOLUTE (__DEFAULT_VECTOR)
                  0x0000f6          0x4 LONG 0x21e8 ABSOLUTE (__DEFAULT_VECTOR)
                  0x0000f8          0x4 LONG 0x21e8 ABSOLUTE (__DEFAULT_VECTOR)
                  0x0000fa          0x4 LONG 0x21e8 ABSOLUTE (__DEFAULT_VECTOR)
                  0x0000fc          0x4 LONG 0x21e8 ABSOLUTE (__DEFAULT_VECTOR)
                  0x0000fe          0x4 LONG 0x21e8 ABSOLUTE (__DEFAULT_VECTOR)
                  0x000100          0x4 LONG 0x2184 (ABSOLUTE (__APP_IVT_BASE) + 0x184)
                  0x000102          0x4 LONG 0x2188 (ABSOLUTE (__APP_IVT_BASE) + 0x188)
                  0x000104          0x4 LONG 0x218c (ABSOLUTE (__APP_IVT_BASE) + 0x18c)
                  0x000106          0x4 LONG 0x2190 (ABSOLUTE (__APP_IVT_BASE) + 0x190)
                  0x000108          0x4 LONG 0x2194 (ABSOLUTE (__APP_IVT_BASE) + 0x194)
                  0x00010a          0x4 LONG 0x2198 (ABSOLUTE (__APP_IVT_BASE) + 0x198)
                  0x00010c          0x4 LONG 0x219c (ABSOLUTE (__APP_IVT_BASE) + 0x19c)
                  0x00010e          0x4 LONG 0x21a0 (ABSOLUTE (__APP_IVT_BASE) + 0x1a0)
                  0x000110          0x4 LONG 0x21a4 (ABSOLUTE (__APP_IVT_BASE) + 0x1a4)
                  0x000112          0x4 LONG 0x21a8 (ABSOLUTE (__APP_IVT_BASE) + 0x1a8)
                  0x000114          0x4 LONG 0x21ac (ABSOLUTE (__APP_IVT_BASE) + 0x1ac)
                  0x000116          0x4 LONG 0x21b0 (ABSOLUTE (__APP_IVT_BASE) + 0x1b0)
                  0x000118          0x4 LONG 0x21b4 (ABSOLUTE (__APP_IVT_BASE) + 0x1b4)
                  0x00011a          0x4 LONG 0x21b8 (ABSOLUTE (__APP_IVT_BASE) + 0x1b8)
                  0x00011c          0x4 LONG 0x21bc (ABSOLUTE (__APP_IVT_BASE) + 0x1bc)
                  0x00011e          0x4 LONG 0x21e8 ABSOLUTE (__DEFAULT_VECTOR)
                  0x000120          0x4 LONG 0x21c0 (ABSOLUTE (__APP_IVT_BASE) + 0x1c0)
                  0x000122          0x4 LONG 0x21c4 (ABSOLUTE (__APP_IVT_BASE) + 0x1c4)
                  0x000124          0x4 LONG 0x21c8 (ABSOLUTE (__APP_IVT_BASE) + 0x1c8)
                  0x000126          0x4 LONG 0x21cc (ABSOLUTE (__APP_IVT_BASE) + 0x1cc)
                  0x000128          0x4 LONG 0x21d0 (ABSOLUTE (__APP_IVT_BASE) + 0x1d0)
                  0x00012a          0x4 LONG 0x21d4 (ABSOLUTE (__APP_IVT_BASE) + 0x1d4)
                  0x00012c          0x4 LONG 0x21d8 (ABSOLUTE (__APP_IVT_BASE) + 0x1d8)
                  0x00012e          0x4 LONG 0x21dc (ABSOLUTE (__APP_IVT_BASE) + 0x1dc)
                  0x000130          0x4 LONG 0x21e0 (ABSOLUTE (__APP_IVT_BASE) + 0x1e0)
                  0x000132          0x4 LONG 0x21e4 (ABSOLUTE (__APP_IVT_BASE) + 0x1e4)
                    0x0000                  WREG0 = 0x0
                    0x0000                  _WREG0 = 0x0
                    0x0002                  WREG1 = 0x2
                    0x0002                  _WREG1 = 0x2
                    0x0004                  WREG2 = 0x4
                    0x0004                  _WREG2 = 0x4
                    0x0006                  WREG3 = 0x6
                    0x0006                  _WREG3 = 0x6
                    0x0008                  WREG4 = 0x8
                    0x0008                  _WREG4 = 0x8
                    0x000a                  WREG5 = 0xa
                    0x000a                  _WREG5 = 0xa
                    0x000c                  WREG6 = 0xc
                    0x000c                  _WREG6 = 0xc
                    0x000e                  WREG7 = 0xe
                    0x000e                  _WREG7 = 0xe
                    0x0010                  WREG8 = 0x10
                    0x0010                  _WREG8 = 0x10
                    0x0012                  WREG9 = 0x12
                    0x0012                  _WREG9 = 0x12
                    0x0014                  WREG10 = 0x14
                    0x0014                  _WREG10 = 0x14
                    0x0016                  WREG11 = 0x16
                    0x0016                  _WREG11 = 0x16
                    0x0018                  WREG12 = 0x18
                    0x0018                  _WREG12 = 0x18
                    0x001a                  WREG13 = 0x1a
                    0x001a                  _WREG13 = 0x1a
                    0x001c                  WREG14 = 0x1c
                    0x001c                  _WREG14 = 0x1c
                    0x001e                  WREG15 = 0x1e
                    0x001e                  _WREG15 = 0x1e
                    0x0020                  SPLIM = 0x20
                    0x0020                  _SPLIM = 0x20
                    0x0022                  ACCAL = 0x22
                    0x0022                  _ACCAL = 0x22
                    0x0024                  ACCAH = 0x24
                    0x0024                  _ACCAH = 0x24
                    0x0026                  ACCAU = 0x26
                    0x0026                  _ACCAU = 0x26
                    0x0028                  ACCBL = 0x28
                    0x0028                  _ACCBL = 0x28
                    0x002a                  ACCBH = 0x2a
                    0x002a                  _ACCBH = 0x2a
                    0x002c                  ACCBU = 0x2c
                    0x002c                  _ACCBU = 0x2c
                    0x002e                  PCL = 0x2e
                    0x002e                  _PCL = 0x2e
                    0x0030                  PCH = 0x30
                    0x0030                  _PCH = 0x30
                    0x0032                  DSRPAG = 0x32
                    0x0032                  _DSRPAG = 0x32
                    0x0032                  _DSRPAGbits = 0x32
                    0x0034                  DSWPAG = 0x34
                    0x0034                  _DSWPAG = 0x34
                    0x0034                  _DSWPAGbits = 0x34
                    0x0036                  RCOUNT = 0x36
                    0x0036                  _RCOUNT = 0x36
                    0x0038                  DCOUNT = 0x38
                    0x0038                  _DCOUNT = 0x38
                    0x003a                  DOSTARTL = 0x3a
                    0x003a                  _DOSTARTL = 0x3a
                    0x003c                  DOSTARTH = 0x3c
                    0x003c                  _DOSTARTH = 0x3c
                    0x003e                  DOENDL = 0x3e
                    0x003e                  _DOENDL = 0x3e
                    0x0040                  DOENDH = 0x40
                    0x0040                  _DOENDH = 0x40
                    0x0042                  SR = 0x42
                    0x0042                  _SR = 0x42
                    0x0042                  _SRbits = 0x42
                    0x0044                  CORCON = 0x44
                    0x0044                  _CORCON = 0x44
                    0x0044                  _CORCONbits = 0x44
                    0x0046                  MODCON = 0x46
                    0x0046                  _MODCON = 0x46
                    0x0046                  _MODCONbits = 0x46
                    0x0048                  XMODSRT = 0x48
                    0x0048                  _XMODSRT = 0x48
                    0x004a                  XMODEND = 0x4a
                    0x004a                  _XMODEND = 0x4a
                    0x004c                  YMODSRT = 0x4c
                    0x004c                  _YMODSRT = 0x4c
                    0x004e                  YMODEND = 0x4e
                    0x004e                  _YMODEND = 0x4e
                    0x0050                  XBREV = 0x50
                    0x0050                  _XBREV = 0x50
                    0x0050                  _XBREVbits = 0x50
                    0x0052                  DISICNT = 0x52
                    0x0052                  _DISICNT = 0x52
                    0x0054                  TBLPAG = 0x54
                    0x0054                  _TBLPAG = 0x54
                    0x0054                  _TBLPAGbits = 0x54
                    0x0058                  MSTRPR = 0x58
                    0x0058                  _MSTRPR = 0x58
                    0x0100                  TMR1 = 0x100
                    0x0100                  _TMR1 = 0x100
                    0x0102                  PR1 = 0x102
                    0x0102                  _PR1 = 0x102
                    0x0104                  T1CON = 0x104
                    0x0104                  _T1CON = 0x104
                    0x0104                  _T1CONbits = 0x104
                    0x0106                  TMR2 = 0x106
                    0x0106                  _TMR2 = 0x106
                    0x0108                  TMR3HLD = 0x108
                    0x0108                  _TMR3HLD = 0x108
                    0x010a                  TMR3 = 0x10a
                    0x010a                  _TMR3 = 0x10a
                    0x010c                  PR2 = 0x10c
                    0x010c                  _PR2 = 0x10c
                    0x010e                  PR3 = 0x10e
                    0x010e                  _PR3 = 0x10e
                    0x0110                  T2CON = 0x110
                    0x0110                  _T2CON = 0x110
                    0x0110                  _T2CONbits = 0x110
                    0x0112                  T3CON = 0x112
                    0x0112                  _T3CON = 0x112
                    0x0112                  _T3CONbits = 0x112
                    0x0114                  TMR4 = 0x114
                    0x0114                  _TMR4 = 0x114
                    0x0116                  TMR5HLD = 0x116
                    0x0116                  _TMR5HLD = 0x116
                    0x0118                  TMR5 = 0x118
                    0x0118                  _TMR5 = 0x118
                    0x011a                  PR4 = 0x11a
                    0x011a                  _PR4 = 0x11a
                    0x011c                  PR5 = 0x11c
                    0x011c                  _PR5 = 0x11c
                    0x011e                  T4CON = 0x11e
                    0x011e                  _T4CON = 0x11e
                    0x011e                  _T4CONbits = 0x11e
                    0x0120                  T5CON = 0x120
                    0x0120                  _T5CON = 0x120
                    0x0120                  _T5CONbits = 0x120
                    0x0122                  TMR6 = 0x122
                    0x0122                  _TMR6 = 0x122
                    0x0124                  TMR7HLD = 0x124
                    0x0124                  _TMR7HLD = 0x124
                    0x0126                  TMR7 = 0x126
                    0x0126                  _TMR7 = 0x126
                    0x0128                  PR6 = 0x128
                    0x0128                  _PR6 = 0x128
                    0x012a                  PR7 = 0x12a
                    0x012a                  _PR7 = 0x12a
                    0x012c                  T6CON = 0x12c
                    0x012c                  _T6CON = 0x12c
                    0x012c                  _T6CONbits = 0x12c
                    0x012e                  T7CON = 0x12e
                    0x012e                  _T7CON = 0x12e
                    0x012e                  _T7CONbits = 0x12e
                    0x0130                  TMR8 = 0x130
                    0x0130                  _TMR8 = 0x130
                    0x0132                  TMR9HLD = 0x132
                    0x0132                  _TMR9HLD = 0x132
                    0x0134                  TMR9 = 0x134
                    0x0134                  _TMR9 = 0x134
                    0x0136                  PR8 = 0x136
                    0x0136                  _PR8 = 0x136
                    0x0138                  PR9 = 0x138
                    0x0138                  _PR9 = 0x138
                    0x013a                  T8CON = 0x13a
                    0x013a                  _T8CON = 0x13a
                    0x013a                  _T8CONbits = 0x13a
                    0x013c                  T9CON = 0x13c
                    0x013c                  _T9CON = 0x13c
                    0x013c                  _T9CONbits = 0x13c
                    0x0140                  IC1CON1 = 0x140
                    0x0140                  _IC1CON1 = 0x140
                    0x0140                  _IC1CON1bits = 0x140
                    0x0142                  IC1CON2 = 0x142
                    0x0142                  _IC1CON2 = 0x142
                    0x0142                  _IC1CON2bits = 0x142
                    0x0144                  IC1BUF = 0x144
                    0x0144                  _IC1BUF = 0x144
                    0x0146                  IC1TMR = 0x146
                    0x0146                  _IC1TMR = 0x146
                    0x0148                  IC2CON1 = 0x148
                    0x0148                  _IC2CON1 = 0x148
                    0x0148                  _IC2CON1bits = 0x148
                    0x014a                  IC2CON2 = 0x14a
                    0x014a                  _IC2CON2 = 0x14a
                    0x014a                  _IC2CON2bits = 0x14a
                    0x014c                  IC2BUF = 0x14c
                    0x014c                  _IC2BUF = 0x14c
                    0x014e                  IC2TMR = 0x14e
                    0x014e                  _IC2TMR = 0x14e
                    0x0150                  IC3CON1 = 0x150
                    0x0150                  _IC3CON1 = 0x150
                    0x0150                  _IC3CON1bits = 0x150
                    0x0152                  IC3CON2 = 0x152
                    0x0152                  _IC3CON2 = 0x152
                    0x0152                  _IC3CON2bits = 0x152
                    0x0154                  IC3BUF = 0x154
                    0x0154                  _IC3BUF = 0x154
                    0x0156                  IC3TMR = 0x156
                    0x0156                  _IC3TMR = 0x156
                    0x0158                  IC4CON1 = 0x158
                    0x0158                  _IC4CON1 = 0x158
                    0x0158                  _IC4CON1bits = 0x158
                    0x015a                  IC4CON2 = 0x15a
                    0x015a                  _IC4CON2 = 0x15a
                    0x015a                  _IC4CON2bits = 0x15a
                    0x015c                  IC4BUF = 0x15c
                    0x015c                  _IC4BUF = 0x15c
                    0x015e                  IC4TMR = 0x15e
                    0x015e                  _IC4TMR = 0x15e
                    0x0160                  IC5CON1 = 0x160
                    0x0160                  _IC5CON1 = 0x160
                    0x0160                  _IC5CON1bits = 0x160
                    0x0162                  IC5CON2 = 0x162
                    0x0162                  _IC5CON2 = 0x162
                    0x0162                  _IC5CON2bits = 0x162
                    0x0164                  IC5BUF = 0x164
                    0x0164                  _IC5BUF = 0x164
                    0x0166                  IC5TMR = 0x166
                    0x0166                  _IC5TMR = 0x166
                    0x0168                  IC6CON1 = 0x168
                    0x0168                  _IC6CON1 = 0x168
                    0x0168                  _IC6CON1bits = 0x168
                    0x016a                  IC6CON2 = 0x16a
                    0x016a                  _IC6CON2 = 0x16a
                    0x016a                  _IC6CON2bits = 0x16a
                    0x016c                  IC6BUF = 0x16c
                    0x016c                  _IC6BUF = 0x16c
                    0x016e                  IC6TMR = 0x16e
                    0x016e                  _IC6TMR = 0x16e
                    0x0170                  IC7CON1 = 0x170
                    0x0170                  _IC7CON1 = 0x170
                    0x0170                  _IC7CON1bits = 0x170
                    0x0172                  IC7CON2 = 0x172
                    0x0172                  _IC7CON2 = 0x172
                    0x0172                  _IC7CON2bits = 0x172
                    0x0174                  IC7BUF = 0x174
                    0x0174                  _IC7BUF = 0x174
                    0x0176                  IC7TMR = 0x176
                    0x0176                  _IC7TMR = 0x176
                    0x0178                  IC8CON1 = 0x178
                    0x0178                  _IC8CON1 = 0x178
                    0x0178                  _IC8CON1bits = 0x178
                    0x017a                  IC8CON2 = 0x17a
                    0x017a                  _IC8CON2 = 0x17a
                    0x017a                  _IC8CON2bits = 0x17a
                    0x017c                  IC8BUF = 0x17c
                    0x017c                  _IC8BUF = 0x17c
                    0x017e                  IC8TMR = 0x17e
                    0x017e                  _IC8TMR = 0x17e
                    0x0180                  IC9CON1 = 0x180
                    0x0180                  _IC9CON1 = 0x180
                    0x0180                  _IC9CON1bits = 0x180
                    0x0182                  IC9CON2 = 0x182
                    0x0182                  _IC9CON2 = 0x182
                    0x0182                  _IC9CON2bits = 0x182
                    0x0184                  IC9BUF = 0x184
                    0x0184                  _IC9BUF = 0x184
                    0x0186                  IC9TMR = 0x186
                    0x0186                  _IC9TMR = 0x186
                    0x0188                  IC10CON1 = 0x188
                    0x0188                  _IC10CON1 = 0x188
                    0x0188                  _IC10CON1bits = 0x188
                    0x018a                  IC10CON2 = 0x18a
                    0x018a                  _IC10CON2 = 0x18a
                    0x018a                  _IC10CON2bits = 0x18a
                    0x018c                  IC10BUF = 0x18c
                    0x018c                  _IC10BUF = 0x18c
                    0x018e                  IC10TMR = 0x18e
                    0x018e                  _IC10TMR = 0x18e
                    0x0190                  IC11CON1 = 0x190
                    0x0190                  _IC11CON1 = 0x190
                    0x0190                  _IC11CON1bits = 0x190
                    0x0192                  IC11CON2 = 0x192
                    0x0192                  _IC11CON2 = 0x192
                    0x0192                  _IC11CON2bits = 0x192
                    0x0194                  IC11BUF = 0x194
                    0x0194                  _IC11BUF = 0x194
                    0x0196                  IC11TMR = 0x196
                    0x0196                  _IC11TMR = 0x196
                    0x0198                  IC12CON1 = 0x198
                    0x0198                  _IC12CON1 = 0x198
                    0x0198                  _IC12CON1bits = 0x198
                    0x019a                  IC12CON2 = 0x19a
                    0x019a                  _IC12CON2 = 0x19a
                    0x019a                  _IC12CON2bits = 0x19a
                    0x019c                  IC12BUF = 0x19c
                    0x019c                  _IC12BUF = 0x19c
                    0x019e                  IC12TMR = 0x19e
                    0x019e                  _IC12TMR = 0x19e
                    0x01a0                  IC13CON1 = 0x1a0
                    0x01a0                  _IC13CON1 = 0x1a0
                    0x01a0                  _IC13CON1bits = 0x1a0
                    0x01a2                  IC13CON2 = 0x1a2
                    0x01a2                  _IC13CON2 = 0x1a2
                    0x01a2                  _IC13CON2bits = 0x1a2
                    0x01a4                  IC13BUF = 0x1a4
                    0x01a4                  _IC13BUF = 0x1a4
                    0x01a6                  IC13TMR = 0x1a6
                    0x01a6                  _IC13TMR = 0x1a6
                    0x01a8                  IC14CON1 = 0x1a8
                    0x01a8                  _IC14CON1 = 0x1a8
                    0x01a8                  _IC14CON1bits = 0x1a8
                    0x01aa                  IC14CON2 = 0x1aa
                    0x01aa                  _IC14CON2 = 0x1aa
                    0x01aa                  _IC14CON2bits = 0x1aa
                    0x01ac                  IC14BUF = 0x1ac
                    0x01ac                  _IC14BUF = 0x1ac
                    0x01ae                  IC14TMR = 0x1ae
                    0x01ae                  _IC14TMR = 0x1ae
                    0x01b0                  IC15CON1 = 0x1b0
                    0x01b0                  _IC15CON1 = 0x1b0
                    0x01b0                  _IC15CON1bits = 0x1b0
                    0x01b2                  IC15CON2 = 0x1b2
                    0x01b2                  _IC15CON2 = 0x1b2
                    0x01b2                  _IC15CON2bits = 0x1b2
                    0x01b4                  IC15BUF = 0x1b4
                    0x01b4                  _IC15BUF = 0x1b4
                    0x01b6                  IC15TMR = 0x1b6
                    0x01b6                  _IC15TMR = 0x1b6
                    0x01b8                  IC16CON1 = 0x1b8
                    0x01b8                  _IC16CON1 = 0x1b8
                    0x01b8                  _IC16CON1bits = 0x1b8
                    0x01ba                  IC16CON2 = 0x1ba
                    0x01ba                  _IC16CON2 = 0x1ba
                    0x01ba                  _IC16CON2bits = 0x1ba
                    0x01bc                  IC16BUF = 0x1bc
                    0x01bc                  _IC16BUF = 0x1bc
                    0x01be                  IC16TMR = 0x1be
                    0x01be                  _IC16TMR = 0x1be
                    0x01c0                  QEI1CON = 0x1c0
                    0x01c0                  _QEI1CON = 0x1c0
                    0x01c0                  _QEI1CONbits = 0x1c0